Archive member included to satisfy reference by file (symbol)

c:/st/stm32cubeide_1.5.0/stm32cubeide/plugins/com.st.stm32cube.ide.mcu.externaltools.gnu-tools-for-stm32.7-2018-q2-update.win32_1.5.0.202011040924/tools/bin/../lib/gcc/arm-none-eabi/7.3.1/../../../../arm-none-eabi/lib/thumb/v7e-m/fpv4-sp/hard\libc_nano.a(lib_a-errno.o)
                              Core/Src/syscalls.o (__errno)
c:/st/stm32cubeide_1.5.0/stm32cubeide/plugins/com.st.stm32cube.ide.mcu.externaltools.gnu-tools-for-stm32.7-2018-q2-update.win32_1.5.0.202011040924/tools/bin/../lib/gcc/arm-none-eabi/7.3.1/../../../../arm-none-eabi/lib/thumb/v7e-m/fpv4-sp/hard\libc_nano.a(lib_a-exit.o)
                              c:/st/stm32cubeide_1.5.0/stm32cubeide/plugins/com.st.stm32cube.ide.mcu.externaltools.gnu-tools-for-stm32.7-2018-q2-update.win32_1.5.0.202011040924/tools/bin/../lib/gcc/arm-none-eabi/7.3.1/../../../../arm-none-eabi/lib/thumb/v7e-m/fpv4-sp/hard/crt0.o (exit)
c:/st/stm32cubeide_1.5.0/stm32cubeide/plugins/com.st.stm32cube.ide.mcu.externaltools.gnu-tools-for-stm32.7-2018-q2-update.win32_1.5.0.202011040924/tools/bin/../lib/gcc/arm-none-eabi/7.3.1/../../../../arm-none-eabi/lib/thumb/v7e-m/fpv4-sp/hard\libc_nano.a(lib_a-impure.o)
                              c:/st/stm32cubeide_1.5.0/stm32cubeide/plugins/com.st.stm32cube.ide.mcu.externaltools.gnu-tools-for-stm32.7-2018-q2-update.win32_1.5.0.202011040924/tools/bin/../lib/gcc/arm-none-eabi/7.3.1/../../../../arm-none-eabi/lib/thumb/v7e-m/fpv4-sp/hard\libc_nano.a(lib_a-exit.o) (_global_impure_ptr)
c:/st/stm32cubeide_1.5.0/stm32cubeide/plugins/com.st.stm32cube.ide.mcu.externaltools.gnu-tools-for-stm32.7-2018-q2-update.win32_1.5.0.202011040924/tools/bin/../lib/gcc/arm-none-eabi/7.3.1/../../../../arm-none-eabi/lib/thumb/v7e-m/fpv4-sp/hard\libc_nano.a(lib_a-init.o)
                              c:/st/stm32cubeide_1.5.0/stm32cubeide/plugins/com.st.stm32cube.ide.mcu.externaltools.gnu-tools-for-stm32.7-2018-q2-update.win32_1.5.0.202011040924/tools/bin/../lib/gcc/arm-none-eabi/7.3.1/../../../../arm-none-eabi/lib/thumb/v7e-m/fpv4-sp/hard/crt0.o (__libc_init_array)
c:/st/stm32cubeide_1.5.0/stm32cubeide/plugins/com.st.stm32cube.ide.mcu.externaltools.gnu-tools-for-stm32.7-2018-q2-update.win32_1.5.0.202011040924/tools/bin/../lib/gcc/arm-none-eabi/7.3.1/../../../../arm-none-eabi/lib/thumb/v7e-m/fpv4-sp/hard\libc_nano.a(lib_a-memset.o)
                              c:/st/stm32cubeide_1.5.0/stm32cubeide/plugins/com.st.stm32cube.ide.mcu.externaltools.gnu-tools-for-stm32.7-2018-q2-update.win32_1.5.0.202011040924/tools/bin/../lib/gcc/arm-none-eabi/7.3.1/../../../../arm-none-eabi/lib/thumb/v7e-m/fpv4-sp/hard/crt0.o (memset)
c:/st/stm32cubeide_1.5.0/stm32cubeide/plugins/com.st.stm32cube.ide.mcu.externaltools.gnu-tools-for-stm32.7-2018-q2-update.win32_1.5.0.202011040924/tools/bin/../lib/gcc/arm-none-eabi/7.3.1/../../../../arm-none-eabi/lib/thumb/v7e-m/fpv4-sp/hard\libc_nano.a(lib_a-printf.o)
                              MyLibs/Src/boot.o (printf)
c:/st/stm32cubeide_1.5.0/stm32cubeide/plugins/com.st.stm32cube.ide.mcu.externaltools.gnu-tools-for-stm32.7-2018-q2-update.win32_1.5.0.202011040924/tools/bin/../lib/gcc/arm-none-eabi/7.3.1/../../../../arm-none-eabi/lib/thumb/v7e-m/fpv4-sp/hard\libc_nano.a(lib_a-puts.o)
                              MyLibs/Src/boot.o (puts)
c:/st/stm32cubeide_1.5.0/stm32cubeide/plugins/com.st.stm32cube.ide.mcu.externaltools.gnu-tools-for-stm32.7-2018-q2-update.win32_1.5.0.202011040924/tools/bin/../lib/gcc/arm-none-eabi/7.3.1/../../../../arm-none-eabi/lib/thumb/v7e-m/fpv4-sp/hard\libc_nano.a(lib_a-wbuf.o)
                              c:/st/stm32cubeide_1.5.0/stm32cubeide/plugins/com.st.stm32cube.ide.mcu.externaltools.gnu-tools-for-stm32.7-2018-q2-update.win32_1.5.0.202011040924/tools/bin/../lib/gcc/arm-none-eabi/7.3.1/../../../../arm-none-eabi/lib/thumb/v7e-m/fpv4-sp/hard\libc_nano.a(lib_a-puts.o) (__swbuf_r)
c:/st/stm32cubeide_1.5.0/stm32cubeide/plugins/com.st.stm32cube.ide.mcu.externaltools.gnu-tools-for-stm32.7-2018-q2-update.win32_1.5.0.202011040924/tools/bin/../lib/gcc/arm-none-eabi/7.3.1/../../../../arm-none-eabi/lib/thumb/v7e-m/fpv4-sp/hard\libc_nano.a(lib_a-wsetup.o)
                              c:/st/stm32cubeide_1.5.0/stm32cubeide/plugins/com.st.stm32cube.ide.mcu.externaltools.gnu-tools-for-stm32.7-2018-q2-update.win32_1.5.0.202011040924/tools/bin/../lib/gcc/arm-none-eabi/7.3.1/../../../../arm-none-eabi/lib/thumb/v7e-m/fpv4-sp/hard\libc_nano.a(lib_a-puts.o) (__swsetup_r)
c:/st/stm32cubeide_1.5.0/stm32cubeide/plugins/com.st.stm32cube.ide.mcu.externaltools.gnu-tools-for-stm32.7-2018-q2-update.win32_1.5.0.202011040924/tools/bin/../lib/gcc/arm-none-eabi/7.3.1/../../../../arm-none-eabi/lib/thumb/v7e-m/fpv4-sp/hard\libc_nano.a(lib_a-fflush.o)
[...]
Memory Configuration

Name             Origin             Length             Attributes
RAM              0x0000000020000000 0x0000000000020000 xrw
FLASH            0x0000000008000000 0x0000000000010000 xr
*default*        0x0000000000000000 0xffffffffffffffff

Linker script and memory map

LOAD c:/st/stm32cubeide_1.5.0/stm32cubeide/plugins/com.st.stm32cube.ide.mcu.externaltools.gnu-tools-for-stm32.7-2018-q2-update.win32_1.5.0.202011040924/tools/bin/../lib/gcc/arm-none-eabi/7.3.1/thumb/v7e-m/fpv4-sp/hard/crti.o
LOAD c:/st/stm32cubeide_1.5.0/stm32cubeide/plugins/com.st.stm32cube.ide.mcu.externaltools.gnu-tools-for-stm32.7-2018-q2-update.win32_1.5.0.202011040924/tools/bin/../lib/gcc/arm-none-eabi/7.3.1/thumb/v7e-m/fpv4-sp/hard/crtbegin.o
LOAD c:/st/stm32cubeide_1.5.0/stm32cubeide/plugins/com.st.stm32cube.ide.mcu.externaltools.gnu-tools-for-stm32.7-2018-q2-update.win32_1.5.0.202011040924/tools/bin/../lib/gcc/arm-none-eabi/7.3.1/../../../../arm-none-eabi/lib/thumb/v7e-m/fpv4-sp/hard/crt0.o
LOAD Core/Src/main.o
LOAD Core/Src/stm32f4xx_hal_msp.o
LOAD Core/Src/stm32f4xx_it.o
LOAD Core/Src/syscalls.o
LOAD Core/Src/sysmem.o
LOAD Core/Src/system_stm32f4xx.o
LOAD Core/Startup/startup_stm32f411ceux.o
LOAD Drivers/STM32F4xx_HAL_Driver/Src/stm32f4xx_hal.o
LOAD Drivers/STM32F4xx_HAL_Driver/Src/stm32f4xx_hal_cortex.o
LOAD Drivers/STM32F4xx_HAL_Driver/Src/stm32f4xx_hal_dma.o
LOAD Drivers/STM32F4xx_HAL_Driver/Src/stm32f4xx_hal_dma_ex.o
LOAD Drivers/STM32F4xx_HAL_Driver/Src/stm32f4xx_hal_exti.o
LOAD Drivers/STM32F4xx_HAL_Driver/Src/stm32f4xx_hal_flash.o
LOAD Drivers/STM32F4xx_HAL_Driver/Src/stm32f4xx_hal_flash_ex.o
LOAD Drivers/STM32F4xx_HAL_Driver/Src/stm32f4xx_hal_flash_ramfunc.o
LOAD Drivers/STM32F4xx_HAL_Driver/Src/stm32f4xx_hal_gpio.o
LOAD Drivers/STM32F4xx_HAL_Driver/Src/stm32f4xx_hal_pwr.o
LOAD Drivers/STM32F4xx_HAL_Driver/Src/stm32f4xx_hal_pwr_ex.o
LOAD Drivers/STM32F4xx_HAL_Driver/Src/stm32f4xx_hal_rcc.o
LOAD Drivers/STM32F4xx_HAL_Driver/Src/stm32f4xx_hal_rcc_ex.o
LOAD Drivers/STM32F4xx_HAL_Driver/Src/stm32f4xx_hal_sd.o
LOAD Drivers/STM32F4xx_HAL_Driver/Src/stm32f4xx_hal_tim.o
LOAD Drivers/STM32F4xx_HAL_Driver/Src/stm32f4xx_hal_tim_ex.o
LOAD Drivers/STM32F4xx_HAL_Driver/Src/stm32f4xx_ll_sdmmc.o
LOAD FATFS/App/fatfs.o
LOAD FATFS/Target/bsp_driver_sd.o
LOAD FATFS/Target/sd_diskio.o
LOAD Middlewares/Third_Party/FatFs/src/diskio.o
LOAD Middlewares/Third_Party/FatFs/src/ff.o
LOAD Middlewares/Third_Party/FatFs/src/ff_gen_drv.o
LOAD Middlewares/Third_Party/FatFs/src/option/syscall.o
LOAD MyLibs/Src/boot.o
START GROUP
LOAD c:/st/stm32cubeide_1.5.0/stm32cubeide/plugins/com.st.stm32cube.ide.mcu.externaltools.gnu-tools-for-stm32.7-2018-q2-update.win32_1.5.0.202011040924/tools/bin/../lib/gcc/arm-none-eabi/7.3.1/../../../../arm-none-eabi/lib/thumb/v7e-m/fpv4-sp/hard\libc_nano.a
LOAD c:/st/stm32cubeide_1.5.0/stm32cubeide/plugins/com.st.stm32cube.ide.mcu.externaltools.gnu-tools-for-stm32.7-2018-q2-update.win32_1.5.0.202011040924/tools/bin/../lib/gcc/arm-none-eabi/7.3.1/../../../../arm-none-eabi/lib/thumb/v7e-m/fpv4-sp/hard\libm.a
END GROUP
START GROUP
LOAD c:/st/stm32cubeide_1.5.0/stm32cubeide/plugins/com.st.stm32cube.ide.mcu.externaltools.gnu-tools-for-stm32.7-2018-q2-update.win32_1.5.0.202011040924/tools/bin/../lib/gcc/arm-none-eabi/7.3.1/thumb/v7e-m/fpv4-sp/hard\libgcc.a
LOAD c:/st/stm32cubeide_1.5.0/stm32cubeide/plugins/com.st.stm32cube.ide.mcu.externaltools.gnu-tools-for-stm32.7-2018-q2-update.win32_1.5.0.202011040924/tools/bin/../lib/gcc/arm-none-eabi/7.3.1/../../../../arm-none-eabi/lib/thumb/v7e-m/fpv4-sp/hard\libc_nano.a
END GROUP
START GROUP
LOAD c:/st/stm32cubeide_1.5.0/stm32cubeide/plugins/com.st.stm32cube.ide.mcu.externaltools.gnu-tools-for-stm32.7-2018-q2-update.win32_1.5.0.202011040924/tools/bin/../lib/gcc/arm-none-eabi/7.3.1/thumb/v7e-m/fpv4-sp/hard\libgcc.a
LOAD c:/st/stm32cubeide_1.5.0/stm32cubeide/plugins/com.st.stm32cube.ide.mcu.externaltools.gnu-tools-for-stm32.7-2018-q2-update.win32_1.5.0.202011040924/tools/bin/../lib/gcc/arm-none-eabi/7.3.1/../../../../arm-none-eabi/lib/thumb/v7e-m/fpv4-sp/hard\libc_nano.a
LOAD c:/st/stm32cubeide_1.5.0/stm32cubeide/plugins/com.st.stm32cube.ide.mcu.externaltools.gnu-tools-for-stm32.7-2018-q2-update.win32_1.5.0.202011040924/tools/bin/../lib/gcc/arm-none-eabi/7.3.1/../../../../arm-none-eabi/lib/thumb/v7e-m/fpv4-sp/hard\libnosys.a
END GROUP
START GROUP
LOAD c:/st/stm32cubeide_1.5.0/stm32cubeide/plugins/com.st.stm32cube.ide.mcu.externaltools.gnu-tools-for-stm32.7-2018-q2-update.win32_1.5.0.202011040924/tools/bin/../lib/gcc/arm-none-eabi/7.3.1/thumb/v7e-m/fpv4-sp/hard\libgcc.a
LOAD c:/st/stm32cubeide_1.5.0/stm32cubeide/plugins/com.st.stm32cube.ide.mcu.externaltools.gnu-tools-for-stm32.7-2018-q2-update.win32_1.5.0.202011040924/tools/bin/../lib/gcc/arm-none-eabi/7.3.1/../../../../arm-none-eabi/lib/thumb/v7e-m/fpv4-sp/hard\libc_nano.a
LOAD c:/st/stm32cubeide_1.5.0/stm32cubeide/plugins/com.st.stm32cube.ide.mcu.externaltools.gnu-tools-for-stm32.7-2018-q2-update.win32_1.5.0.202011040924/tools/bin/../lib/gcc/arm-none-eabi/7.3.1/../../../../arm-none-eabi/lib/thumb/v7e-m/fpv4-sp/hard\libnosys.a
END GROUP
LOAD c:/st/stm32cubeide_1.5.0/stm32cubeide/plugins/com.st.stm32cube.ide.mcu.externaltools.gnu-tools-for-stm32.7-2018-q2-update.win32_1.5.0.202011040924/tools/bin/../lib/gcc/arm-none-eabi/7.3.1/thumb/v7e-m/fpv4-sp/hard/crtend.o
LOAD c:/st/stm32cubeide_1.5.0/stm32cubeide/plugins/com.st.stm32cube.ide.mcu.externaltools.gnu-tools-for-stm32.7-2018-q2-update.win32_1.5.0.202011040924/tools/bin/../lib/gcc/arm-none-eabi/7.3.1/thumb/v7e-m/fpv4-sp/hard/crtn.o
                0x0000000020020000                _estack = (ORIGIN (RAM) + LENGTH (RAM))
                0x0000000000000200                _Min_Heap_Size = 0x200
                0x0000000000000400                _Min_Stack_Size = 0x400

.isr_vector     0x0000000008000000      0x198
                0x0000000008000000                . = ALIGN (0x4)
 *(.isr_vector)
 .isr_vector    0x0000000008000000      0x198 Core/Startup/startup_stm32f411ceux.o
                0x0000000008000000                g_pfnVectors
                0x0000000008000198                . = ALIGN (0x4)

.text           0x00000000080001a0     0x78e8
                0x00000000080001a0                . = ALIGN (0x4)
 *(.text)
 .text          0x00000000080001a0       0x40 c:/st/stm32cubeide_1.5.0/stm32cubeide/plugins/com.st.stm32cube.ide.mcu.externaltools.gnu-tools-for-stm32.7-2018-q2-update.win32_1.5.0.202011040924/tools/bin/../lib/gcc/arm-none-eabi/7.3.1/thumb/v7e-m/fpv4-sp/hard/crtbegin.o
 .text          0x00000000080001e0       0xa0 c:/st/stm32cubeide_1.5.0/stm32cubeide/plugins/com.st.stm32cube.ide.mcu.externaltools.gnu-tools-for-stm32.7-2018-q2-update.win32_1.5.0.202011040924/tools/bin/../lib/gcc/arm-none-eabi/7.3.1/../../../../arm-none-eabi/lib/thumb/v7e-m/fpv4-sp/hard\libc_nano.a(lib_a-memchr.o)
                0x00000000080001e0                memchr
 .text          0x0000000008000280       0x30 c:/st/stm32cubeide_1.5.0/stm32cubeide/plugins/com.st.stm32cube.ide.mcu.externaltools.gnu-tools-for-stm32.7-2018-q2-update.win32_1.5.0.202011040924/tools/bin/../lib/gcc/arm-none-eabi/7.3.1/thumb/v7e-m/fpv4-sp/hard\libgcc.a(_aeabi_uldivmod.o)
                0x0000000008000280                __aeabi_uldivmod
 .text          0x00000000080002b0      0x2cc c:/st/stm32cubeide_1.5.0/stm32cubeide/plugins/com.st.stm32cube.ide.mcu.externaltools.gnu-tools-for-stm32.7-2018-q2-update.win32_1.5.0.202011040924/tools/bin/../lib/gcc/arm-none-eabi/7.3.1/thumb/v7e-m/fpv4-sp/hard\libgcc.a(_udivmoddi4.o)
                0x00000000080002b0                __udivmoddi4
 .text          0x000000000800057c        0x4 c:/st/stm32cubeide_1.5.0/stm32cubeide/plugins/com.st.stm32cube.ide.mcu.externaltools.gnu-tools-for-stm32.7-2018-q2-update.win32_1.5.0.202011040924/tools/bin/../lib/gcc/arm-none-eabi/7.3.1/thumb/v7e-m/fpv4-sp/hard\libgcc.a(_dvmd_tls.o)
                0x000000000800057c                __aeabi_idiv0
                0x000000000800057c                __aeabi_ldiv0
 *(.text*)
 .text.ITM_SendChar
                0x0000000008000580       0x4e Core/Src/main.o
 *fill*         0x00000000080005ce        0x2 
 .text.main     0x00000000080005d0       0x48 Core/Src/main.o
                0x00000000080005d0                main
 .text.SystemClock_Config
                0x0000000008000618       0xd0 Core/Src/main.o
                0x0000000008000618                SystemClock_Config
 .text.MX_SDIO_SD_Init
                0x00000000080006e8       0x40 Core/Src/main.o
 .text.MX_GPIO_Init
                0x0000000008000728       0xc0 Core/Src/main.o
 .text.__io_putchar
                0x00000000080007e8       0x1a Core/Src/main.o
                0x00000000080007e8                __io_putchar
 .text.Error_Handler
                0x0000000008000802        0x8 Core/Src/main.o
                0x0000000008000802                Error_Handler
 *fill*         0x000000000800080a        0x2 
 .text.HAL_MspInit
                0x000000000800080c       0x50 Core/Src/stm32f4xx_hal_msp.o
                0x000000000800080c                HAL_MspInit
 .text.HAL_SD_MspInit
                0x000000000800085c       0xf4 Core/Src/stm32f4xx_hal_msp.o
                0x000000000800085c                HAL_SD_MspInit
 .text.NMI_Handler
                0x0000000008000950        0x6 Core/Src/stm32f4xx_it.o
                0x0000000008000950                NMI_Handler
 .text.HardFault_Handler
                0x0000000008000956        0x6 Core/Src/stm32f4xx_it.o
                0x0000000008000956                HardFault_Handler
 .text.MemManage_Handler
                0x000000000800095c        0x6 Core/Src/stm32f4xx_it.o
                0x000000000800095c                MemManage_Handler
 .text.BusFault_Handler
                0x0000000008000962        0x6 Core/Src/stm32f4xx_it.o
                0x0000000008000962                BusFault_Handler
 .text.UsageFault_Handler
                0x0000000008000968        0x6 Core/Src/stm32f4xx_it.o
                0x0000000008000968                UsageFault_Handler
 .text.SVC_Handler
                0x000000000800096e        0xe Core/Src/stm32f4xx_it.o
                0x000000000800096e                SVC_Handler
 .text.DebugMon_Handler
                0x000000000800097c        0xe Core/Src/stm32f4xx_it.o
                0x000000000800097c                DebugMon_Handler
 .text.PendSV_Handler
                0x000000000800098a        0xe Core/Src/stm32f4xx_it.o
                0x000000000800098a                PendSV_Handler
 .text.SysTick_Handler
                0x0000000008000998        0xc Core/Src/stm32f4xx_it.o
                0x0000000008000998                SysTick_Handler
 .text._read    0x00000000080009a4       0x3a Core/Src/syscalls.o
                0x00000000080009a4                _read
 .text._write   0x00000000080009de       0x38 Core/Src/syscalls.o
                0x00000000080009de                _write
 .text._close   0x0000000008000a16       0x18 Core/Src/syscalls.o
                0x0000000008000a16                _close
 .text._fstat   0x0000000008000a2e       0x20 Core/Src/syscalls.o
                0x0000000008000a2e                _fstat
 .text._isatty  0x0000000008000a4e       0x16 Core/Src/syscalls.o
                0x0000000008000a4e                _isatty
 .text._lseek   0x0000000008000a64       0x1a Core/Src/syscalls.o
                0x0000000008000a64                _lseek
 *fill*         0x0000000008000a7e        0x2 
 .text._sbrk    0x0000000008000a80       0x6c Core/Src/sysmem.o
                0x0000000008000a80                _sbrk
 .text.SystemInit
                0x0000000008000aec       0x2c Core/Src/system_stm32f4xx.o
                0x0000000008000aec                SystemInit
 .text.Reset_Handler
                0x0000000008000b18       0x50 Core/Startup/startup_stm32f411ceux.o
                0x0000000008000b18                Reset_Handler
 .text.Default_Handler
                0x0000000008000b68        0x2 Core/Startup/startup_stm32f411ceux.o
                0x0000000008000b68                RTC_Alarm_IRQHandler
                0x0000000008000b68                EXTI2_IRQHandler
                0x0000000008000b68                SPI4_IRQHandler
                0x0000000008000b68                TIM1_CC_IRQHandler
                0x0000000008000b68                DMA2_Stream5_IRQHandler
                0x0000000008000b68                DMA1_Stream5_IRQHandler
                0x0000000008000b68                PVD_IRQHandler
                0x0000000008000b68                SDIO_IRQHandler
                0x0000000008000b68                TAMP_STAMP_IRQHandler
                0x0000000008000b68                EXTI3_IRQHandler
                0x0000000008000b68                TIM1_UP_TIM10_IRQHandler
                0x0000000008000b68                I2C3_ER_IRQHandler
                0x0000000008000b68                EXTI0_IRQHandler
                0x0000000008000b68                I2C2_EV_IRQHandler
                0x0000000008000b68                DMA1_Stream2_IRQHandler
                0x0000000008000b68                FPU_IRQHandler
                0x0000000008000b68                DMA2_Stream2_IRQHandler
                0x0000000008000b68                SPI1_IRQHandler
                0x0000000008000b68                TIM1_BRK_TIM9_IRQHandler
                0x0000000008000b68                DMA2_Stream3_IRQHandler
                0x0000000008000b68                USART6_IRQHandler
                0x0000000008000b68                DMA2_Stream0_IRQHandler
                0x0000000008000b68                TIM4_IRQHandler
                0x0000000008000b68                I2C1_EV_IRQHandler
                0x0000000008000b68                DMA1_Stream6_IRQHandler
                0x0000000008000b68                DMA1_Stream1_IRQHandler
                0x0000000008000b68                TIM3_IRQHandler
                0x0000000008000b68                RCC_IRQHandler
                0x0000000008000b68                Default_Handler
                0x0000000008000b68                EXTI15_10_IRQHandler
                0x0000000008000b68                ADC_IRQHandler
                0x0000000008000b68                DMA1_Stream7_IRQHandler
                0x0000000008000b68                SPI5_IRQHandler
                0x0000000008000b68                TIM5_IRQHandler
                0x0000000008000b68                DMA2_Stream7_IRQHandler
                0x0000000008000b68                I2C3_EV_IRQHandler
                0x0000000008000b68                EXTI9_5_IRQHandler
                0x0000000008000b68                RTC_WKUP_IRQHandler
                0x0000000008000b68                SPI2_IRQHandler
                0x0000000008000b68                DMA1_Stream0_IRQHandler
                0x0000000008000b68                EXTI4_IRQHandler
                0x0000000008000b68                WWDG_IRQHandler
                0x0000000008000b68                TIM2_IRQHandler
                0x0000000008000b68                OTG_FS_WKUP_IRQHandler
                0x0000000008000b68                TIM1_TRG_COM_TIM11_IRQHandler
                0x0000000008000b68                EXTI1_IRQHandler
                0x0000000008000b68                USART2_IRQHandler
                0x0000000008000b68                I2C2_ER_IRQHandler
                0x0000000008000b68                DMA2_Stream1_IRQHandler
                0x0000000008000b68                FLASH_IRQHandler
                0x0000000008000b68                DMA2_Stream4_IRQHandler
                0x0000000008000b68                USART1_IRQHandler
                0x0000000008000b68                OTG_FS_IRQHandler
                0x0000000008000b68                SPI3_IRQHandler
                0x0000000008000b68                DMA1_Stream4_IRQHandler
                0x0000000008000b68                I2C1_ER_IRQHandler
                0x0000000008000b68                DMA2_Stream6_IRQHandler
                0x0000000008000b68                DMA1_Stream3_IRQHandler
 *fill*         0x0000000008000b6a        0x2 
 .text.HAL_Init
                0x0000000008000b6c       0x44 Drivers/STM32F4xx_HAL_Driver/Src/stm32f4xx_hal.o
                0x0000000008000b6c                HAL_Init
 .text.HAL_DeInit
                0x0000000008000bb0       0x58 Drivers/STM32F4xx_HAL_Driver/Src/stm32f4xx_hal.o
                0x0000000008000bb0                HAL_DeInit
 .text.HAL_MspDeInit
                0x0000000008000c08        0xe Drivers/STM32F4xx_HAL_Driver/Src/stm32f4xx_hal.o
                0x0000000008000c08                HAL_MspDeInit
 *fill*         0x0000000008000c16        0x2 
 .text.HAL_InitTick
                0x0000000008000c18       0x60 Drivers/STM32F4xx_HAL_Driver/Src/stm32f4xx_hal.o
                0x0000000008000c18                HAL_InitTick
 .text.HAL_IncTick
                0x0000000008000c78       0x28 Drivers/STM32F4xx_HAL_Driver/Src/stm32f4xx_hal.o
                0x0000000008000c78                HAL_IncTick
 .text.HAL_GetTick
                0x0000000008000ca0       0x18 Drivers/STM32F4xx_HAL_Driver/Src/stm32f4xx_hal.o
                0x0000000008000ca0                HAL_GetTick
 .text.HAL_Delay
                0x0000000008000cb8       0x44 Drivers/STM32F4xx_HAL_Driver/Src/stm32f4xx_hal.o
                0x0000000008000cb8                HAL_Delay
 .text.__NVIC_SetPriorityGrouping
                0x0000000008000cfc       0x48 Drivers/STM32F4xx_HAL_Driver/Src/stm32f4xx_hal_cortex.o
 .text.__NVIC_GetPriorityGrouping
                0x0000000008000d44       0x1c Drivers/STM32F4xx_HAL_Driver/Src/stm32f4xx_hal_cortex.o
 .text.__NVIC_SetPriority
                0x0000000008000d60       0x54 Drivers/STM32F4xx_HAL_Driver/Src/stm32f4xx_hal_cortex.o
 .text.NVIC_EncodePriority
                0x0000000008000db4       0x66 Drivers/STM32F4xx_HAL_Driver/Src/stm32f4xx_hal_cortex.o
 *fill*         0x0000000008000e1a        0x2 
 .text.SysTick_Config
                0x0000000008000e1c       0x44 Drivers/STM32F4xx_HAL_Driver/Src/stm32f4xx_hal_cortex.o
 .text.HAL_NVIC_SetPriorityGrouping
                0x0000000008000e60       0x16 Drivers/STM32F4xx_HAL_Driver/Src/stm32f4xx_hal_cortex.o
                0x0000000008000e60                HAL_NVIC_SetPriorityGrouping
 .text.HAL_NVIC_SetPriority
                0x0000000008000e76       0x38 Drivers/STM32F4xx_HAL_Driver/Src/stm32f4xx_hal_cortex.o
                0x0000000008000e76                HAL_NVIC_SetPriority
 .text.HAL_SYSTICK_Config
                0x0000000008000eae       0x18 Drivers/STM32F4xx_HAL_Driver/Src/stm32f4xx_hal_cortex.o
                0x0000000008000eae                HAL_SYSTICK_Config
 *fill*         0x0000000008000ec6        0x2 
 .text.HAL_FLASH_Program
                0x0000000008000ec8       0xa8 Drivers/STM32F4xx_HAL_Driver/Src/stm32f4xx_hal_flash.o
                0x0000000008000ec8                HAL_FLASH_Program
 .text.HAL_FLASH_Unlock
                0x0000000008000f70       0x44 Drivers/STM32F4xx_HAL_Driver/Src/stm32f4xx_hal_flash.o
                0x0000000008000f70                HAL_FLASH_Unlock
 .text.HAL_FLASH_Lock
                0x0000000008000fb4       0x20 Drivers/STM32F4xx_HAL_Driver/Src/stm32f4xx_hal_flash.o
                0x0000000008000fb4                HAL_FLASH_Lock
 .text.FLASH_WaitForLastOperation
                0x0000000008000fd4       0x80 Drivers/STM32F4xx_HAL_Driver/Src/stm32f4xx_hal_flash.o
                0x0000000008000fd4                FLASH_WaitForLastOperation
 .text.FLASH_Program_DoubleWord
                0x0000000008001054       0x60 Drivers/STM32F4xx_HAL_Driver/Src/stm32f4xx_hal_flash.o
 .text.FLASH_Program_Word
                0x00000000080010b4       0x44 Drivers/STM32F4xx_HAL_Driver/Src/stm32f4xx_hal_flash.o
 .text.FLASH_Program_HalfWord
                0x00000000080010f8       0x48 Drivers/STM32F4xx_HAL_Driver/Src/stm32f4xx_hal_flash.o
 .text.FLASH_Program_Byte
                0x0000000008001140       0x44 Drivers/STM32F4xx_HAL_Driver/Src/stm32f4xx_hal_flash.o
 .text.FLASH_SetErrorCode
                0x0000000008001184       0xcc Drivers/STM32F4xx_HAL_Driver/Src/stm32f4xx_hal_flash.o
 .text.FLASH_Erase_Sector
                0x0000000008001250       0x90 Drivers/STM32F4xx_HAL_Driver/Src/stm32f4xx_hal_flash_ex.o
                0x0000000008001250                FLASH_Erase_Sector
 .text.HAL_GPIO_Init
                0x00000000080012e0      0x304 Drivers/STM32F4xx_HAL_Driver/Src/stm32f4xx_hal_gpio.o
                0x00000000080012e0                HAL_GPIO_Init
 .text.HAL_GPIO_WritePin
                0x00000000080015e4       0x32 Drivers/STM32F4xx_HAL_Driver/Src/stm32f4xx_hal_gpio.o
                0x00000000080015e4                HAL_GPIO_WritePin
 .text.HAL_GPIO_TogglePin
                0x0000000008001616       0x36 Drivers/STM32F4xx_HAL_Driver/Src/stm32f4xx_hal_gpio.o
                0x0000000008001616                HAL_GPIO_TogglePin
 .text.HAL_RCC_OscConfig
                0x000000000800164c      0x4e0 Drivers/STM32F4xx_HAL_Driver/Src/stm32f4xx_hal_rcc.o
                0x000000000800164c                HAL_RCC_OscConfig
 .text.HAL_RCC_ClockConfig
                0x0000000008001b2c      0x1cc Drivers/STM32F4xx_HAL_Driver/Src/stm32f4xx_hal_rcc.o
                0x0000000008001b2c                HAL_RCC_ClockConfig
 .text.HAL_RCC_GetSysClockFreq
                0x0000000008001cf8      0x164 Drivers/STM32F4xx_HAL_Driver/Src/stm32f4xx_hal_rcc.o
                0x0000000008001cf8                HAL_RCC_GetSysClockFreq
 .text.HAL_RCC_DeInit
                0x0000000008001e5c      0x19c Drivers/STM32F4xx_HAL_Driver/Src/stm32f4xx_hal_rcc_ex.o
                0x0000000008001e5c                HAL_RCC_DeInit
 .text.HAL_SD_Init
                0x0000000008001ff8       0x60 Drivers/STM32F4xx_HAL_Driver/Src/stm32f4xx_hal_sd.o
                0x0000000008001ff8                HAL_SD_Init
 .text.HAL_SD_InitCard
                0x0000000008002058       0xc0 Drivers/STM32F4xx_HAL_Driver/Src/stm32f4xx_hal_sd.o
                0x0000000008002058                HAL_SD_InitCard
 .text.HAL_SD_ReadBlocks
                0x0000000008002118      0x3f4 Drivers/STM32F4xx_HAL_Driver/Src/stm32f4xx_hal_sd.o
                0x0000000008002118                HAL_SD_ReadBlocks
 .text.HAL_SD_WriteBlocks
                0x000000000800250c      0x344 Drivers/STM32F4xx_HAL_Driver/Src/stm32f4xx_hal_sd.o
                0x000000000800250c                HAL_SD_WriteBlocks
 .text.HAL_SD_GetCardCSD
                0x0000000008002850      0x348 Drivers/STM32F4xx_HAL_Driver/Src/stm32f4xx_hal_sd.o
                0x0000000008002850                HAL_SD_GetCardCSD
 .text.HAL_SD_GetCardInfo
                0x0000000008002b98       0x58 Drivers/STM32F4xx_HAL_Driver/Src/stm32f4xx_hal_sd.o
                0x0000000008002b98                HAL_SD_GetCardInfo
 .text.HAL_SD_ConfigWideBusOperation
                0x0000000008002bf0       0xf8 Drivers/STM32F4xx_HAL_Driver/Src/stm32f4xx_hal_sd.o
                0x0000000008002bf0                HAL_SD_ConfigWideBusOperation
 .text.HAL_SD_GetCardState
                0x0000000008002ce8       0x40 Drivers/STM32F4xx_HAL_Driver/Src/stm32f4xx_hal_sd.o
                0x0000000008002ce8                HAL_SD_GetCardState
 .text.SD_InitCard
                0x0000000008002d28      0x19a Drivers/STM32F4xx_HAL_Driver/Src/stm32f4xx_hal_sd.o
 *fill*         0x0000000008002ec2        0x2 
 .text.SD_PowerON
                0x0000000008002ec4      0x11c Drivers/STM32F4xx_HAL_Driver/Src/stm32f4xx_hal_sd.o
 .text.SD_SendStatus
                0x0000000008002fe0       0x50 Drivers/STM32F4xx_HAL_Driver/Src/stm32f4xx_hal_sd.o
 .text.SD_WideBus_Enable
                0x0000000008003030       0x96 Drivers/STM32F4xx_HAL_Driver/Src/stm32f4xx_hal_sd.o
 .text.SD_WideBus_Disable
                0x00000000080030c6       0x96 Drivers/STM32F4xx_HAL_Driver/Src/stm32f4xx_hal_sd.o
 .text.SD_FindSCR
                0x000000000800315c      0x194 Drivers/STM32F4xx_HAL_Driver/Src/stm32f4xx_hal_sd.o
 .text.SDIO_Init
                0x00000000080032f0       0x56 Drivers/STM32F4xx_HAL_Driver/Src/stm32f4xx_ll_sdmmc.o
                0x00000000080032f0                SDIO_Init
 .text.SDIO_ReadFIFO
                0x0000000008003346       0x1a Drivers/STM32F4xx_HAL_Driver/Src/stm32f4xx_ll_sdmmc.o
                0x0000000008003346                SDIO_ReadFIFO
 .text.SDIO_WriteFIFO
                0x0000000008003360       0x22 Drivers/STM32F4xx_HAL_Driver/Src/stm32f4xx_ll_sdmmc.o
                0x0000000008003360                SDIO_WriteFIFO
 .text.SDIO_PowerState_ON
                0x0000000008003382       0x1e Drivers/STM32F4xx_HAL_Driver/Src/stm32f4xx_ll_sdmmc.o
                0x0000000008003382                SDIO_PowerState_ON
 .text.SDIO_GetPowerState
                0x00000000080033a0       0x1c Drivers/STM32F4xx_HAL_Driver/Src/stm32f4xx_ll_sdmmc.o
                0x00000000080033a0                SDIO_GetPowerState
 .text.SDIO_SendCommand
                0x00000000080033bc       0x54 Drivers/STM32F4xx_HAL_Driver/Src/stm32f4xx_ll_sdmmc.o
                0x00000000080033bc                SDIO_SendCommand
 .text.SDIO_GetCommandResponse
                0x0000000008003410       0x1a Drivers/STM32F4xx_HAL_Driver/Src/stm32f4xx_ll_sdmmc.o
                0x0000000008003410                SDIO_GetCommandResponse
 .text.SDIO_GetResponse
                0x000000000800342a       0x26 Drivers/STM32F4xx_HAL_Driver/Src/stm32f4xx_ll_sdmmc.o
                0x000000000800342a                SDIO_GetResponse
 .text.SDIO_ConfigData
                0x0000000008003450       0x58 Drivers/STM32F4xx_HAL_Driver/Src/stm32f4xx_ll_sdmmc.o
                0x0000000008003450                SDIO_ConfigData
 .text.SDMMC_CmdBlockLength
                0x00000000080034a8       0x44 Drivers/STM32F4xx_HAL_Driver/Src/stm32f4xx_ll_sdmmc.o
                0x00000000080034a8                SDMMC_CmdBlockLength
 .text.SDMMC_CmdReadSingleBlock
                0x00000000080034ec       0x44 Drivers/STM32F4xx_HAL_Driver/Src/stm32f4xx_ll_sdmmc.o
                0x00000000080034ec                SDMMC_CmdReadSingleBlock
 .text.SDMMC_CmdReadMultiBlock
                0x0000000008003530       0x44 Drivers/STM32F4xx_HAL_Driver/Src/stm32f4xx_ll_sdmmc.o
                0x0000000008003530                SDMMC_CmdReadMultiBlock
 .text.SDMMC_CmdWriteSingleBlock
                0x0000000008003574       0x44 Drivers/STM32F4xx_HAL_Driver/Src/stm32f4xx_ll_sdmmc.o
                0x0000000008003574                SDMMC_CmdWriteSingleBlock
 .text.SDMMC_CmdWriteMultiBlock
                0x00000000080035b8       0x44 Drivers/STM32F4xx_HAL_Driver/Src/stm32f4xx_ll_sdmmc.o
                0x00000000080035b8                SDMMC_CmdWriteMultiBlock
 .text.SDMMC_CmdStopTransfer
                0x00000000080035fc       0x44 Drivers/STM32F4xx_HAL_Driver/Src/stm32f4xx_ll_sdmmc.o
                0x00000000080035fc                SDMMC_CmdStopTransfer
 .text.SDMMC_CmdSelDesel
                0x0000000008003640       0x46 Drivers/STM32F4xx_HAL_Driver/Src/stm32f4xx_ll_sdmmc.o
                0x0000000008003640                SDMMC_CmdSelDesel
 .text.SDMMC_CmdGoIdleState
                0x0000000008003686       0x3c Drivers/STM32F4xx_HAL_Driver/Src/stm32f4xx_ll_sdmmc.o
                0x0000000008003686                SDMMC_CmdGoIdleState
 .text.SDMMC_CmdOperCond
                0x00000000080036c2       0x3e Drivers/STM32F4xx_HAL_Driver/Src/stm32f4xx_ll_sdmmc.o
                0x00000000080036c2                SDMMC_CmdOperCond
 .text.SDMMC_CmdAppCommand
                0x0000000008003700       0x44 Drivers/STM32F4xx_HAL_Driver/Src/stm32f4xx_ll_sdmmc.o
                0x0000000008003700                SDMMC_CmdAppCommand
 .text.SDMMC_CmdAppOperCommand
                0x0000000008003744       0x46 Drivers/STM32F4xx_HAL_Driver/Src/stm32f4xx_ll_sdmmc.o
                0x0000000008003744                SDMMC_CmdAppOperCommand
 .text.SDMMC_CmdBusWidth
                0x000000000800378a       0x44 Drivers/STM32F4xx_HAL_Driver/Src/stm32f4xx_ll_sdmmc.o
                0x000000000800378a                SDMMC_CmdBusWidth
 .text.SDMMC_CmdSendSCR
                0x00000000080037ce       0x42 Drivers/STM32F4xx_HAL_Driver/Src/stm32f4xx_ll_sdmmc.o
                0x00000000080037ce                SDMMC_CmdSendSCR
 .text.SDMMC_CmdSendCID
                0x0000000008003810       0x3c Drivers/STM32F4xx_HAL_Driver/Src/stm32f4xx_ll_sdmmc.o
                0x0000000008003810                SDMMC_CmdSendCID
 .text.SDMMC_CmdSendCSD
                0x000000000800384c       0x3e Drivers/STM32F4xx_HAL_Driver/Src/stm32f4xx_ll_sdmmc.o
                0x000000000800384c                SDMMC_CmdSendCSD
 .text.SDMMC_CmdSetRelAdd
                0x000000000800388a       0x42 Drivers/STM32F4xx_HAL_Driver/Src/stm32f4xx_ll_sdmmc.o
                0x000000000800388a                SDMMC_CmdSetRelAdd
 .text.SDMMC_CmdSendStatus
                0x00000000080038cc       0x44 Drivers/STM32F4xx_HAL_Driver/Src/stm32f4xx_ll_sdmmc.o
                0x00000000080038cc                SDMMC_CmdSendStatus
 .text.SDMMC_GetCmdError
                0x0000000008003910       0x50 Drivers/STM32F4xx_HAL_Driver/Src/stm32f4xx_ll_sdmmc.o
 .text.SDMMC_GetCmdResp1
                0x0000000008003960      0x1d8 Drivers/STM32F4xx_HAL_Driver/Src/stm32f4xx_ll_sdmmc.o
 .text.SDMMC_GetCmdResp2
                0x0000000008003b38       0x8c Drivers/STM32F4xx_HAL_Driver/Src/stm32f4xx_ll_sdmmc.o
 .text.SDMMC_GetCmdResp3
                0x0000000008003bc4       0x74 Drivers/STM32F4xx_HAL_Driver/Src/stm32f4xx_ll_sdmmc.o
 .text.SDMMC_GetCmdResp6
                0x0000000008003c38       0xe8 Drivers/STM32F4xx_HAL_Driver/Src/stm32f4xx_ll_sdmmc.o
 .text.SDMMC_GetCmdResp7
                0x0000000008003d20       0x98 Drivers/STM32F4xx_HAL_Driver/Src/stm32f4xx_ll_sdmmc.o
 .text.MX_FATFS_Init
                0x0000000008003db8       0x24 FATFS/App/fatfs.o
                0x0000000008003db8                MX_FATFS_Init
 .text.get_fattime
                0x0000000008003ddc       0x10 FATFS/App/fatfs.o
                0x0000000008003ddc                get_fattime
 .text.BSP_SD_Init
                0x0000000008003dec       0x4c FATFS/Target/bsp_driver_sd.o
                0x0000000008003dec                BSP_SD_Init
 .text.BSP_SD_ReadBlocks
                0x0000000008003e38       0x3c FATFS/Target/bsp_driver_sd.o
                0x0000000008003e38                BSP_SD_ReadBlocks
 .text.BSP_SD_WriteBlocks
                0x0000000008003e74       0x3c FATFS/Target/bsp_driver_sd.o
                0x0000000008003e74                BSP_SD_WriteBlocks
 .text.BSP_SD_GetCardState
                0x0000000008003eb0       0x20 FATFS/Target/bsp_driver_sd.o
                0x0000000008003eb0                BSP_SD_GetCardState
 .text.BSP_SD_GetCardInfo
                0x0000000008003ed0       0x1c FATFS/Target/bsp_driver_sd.o
                0x0000000008003ed0                BSP_SD_GetCardInfo
 .text.BSP_SD_IsDetected
                0x0000000008003eec       0x1a FATFS/Target/bsp_driver_sd.o
                0x0000000008003eec                BSP_SD_IsDetected
 *fill*         0x0000000008003f06        0x2 
 .text.SD_CheckStatus
                0x0000000008003f08       0x3c FATFS/Target/sd_diskio.o
 .text.SD_initialize
                0x0000000008003f44       0x3c FATFS/Target/sd_diskio.o
                0x0000000008003f44                SD_initialize
 .text.SD_status
                0x0000000008003f80       0x1c FATFS/Target/sd_diskio.o
                0x0000000008003f80                SD_status
 .text.SD_read  0x0000000008003f9c       0x42 FATFS/Target/sd_diskio.o
                0x0000000008003f9c                SD_read
 .text.SD_write
                0x0000000008003fde       0x42 FATFS/Target/sd_diskio.o
                0x0000000008003fde                SD_write
 .text.SD_ioctl
                0x0000000008004020       0xb0 FATFS/Target/sd_diskio.o
                0x0000000008004020                SD_ioctl
 .text.disk_status
                0x00000000080040d0       0x34 Middlewares/Third_Party/FatFs/src/diskio.o
                0x00000000080040d0                disk_status
 .text.disk_initialize
                0x0000000008004104       0x4c Middlewares/Third_Party/FatFs/src/diskio.o
                0x0000000008004104                disk_initialize
 .text.disk_read
                0x0000000008004150       0x40 Middlewares/Third_Party/FatFs/src/diskio.o
                0x0000000008004150                disk_read
 .text.disk_write
                0x0000000008004190       0x40 Middlewares/Third_Party/FatFs/src/diskio.o
                0x0000000008004190                disk_write
 .text.disk_ioctl
                0x00000000080041d0       0x3c Middlewares/Third_Party/FatFs/src/diskio.o
                0x00000000080041d0                disk_ioctl
 .text.ld_word  0x000000000800420c       0x30 Middlewares/Third_Party/FatFs/src/ff.o
 .text.ld_dword
                0x000000000800423c       0x46 Middlewares/Third_Party/FatFs/src/ff.o
 .text.st_word  0x0000000008004282       0x36 Middlewares/Third_Party/FatFs/src/ff.o
 .text.st_dword
                0x00000000080042b8       0x58 Middlewares/Third_Party/FatFs/src/ff.o
 .text.mem_cpy  0x0000000008004310       0x42 Middlewares/Third_Party/FatFs/src/ff.o
 .text.mem_set  0x0000000008004352       0x34 Middlewares/Third_Party/FatFs/src/ff.o
 .text.mem_cmp  0x0000000008004386       0x4e Middlewares/Third_Party/FatFs/src/ff.o
 .text.chk_chr  0x00000000080043d4       0x36 Middlewares/Third_Party/FatFs/src/ff.o
 *fill*         0x000000000800440a        0x2 
 .text.chk_lock
                0x000000000800440c       0xb8 Middlewares/Third_Party/FatFs/src/ff.o
 .text.enq_lock
                0x00000000080044c4       0x44 Middlewares/Third_Party/FatFs/src/ff.o
 .text.inc_lock
                0x0000000008004508      0x11c Middlewares/Third_Party/FatFs/src/ff.o
 .text.dec_lock
                0x0000000008004624       0x78 Middlewares/Third_Party/FatFs/src/ff.o
 .text.clear_lock
                0x000000000800469c       0x48 Middlewares/Third_Party/FatFs/src/ff.o
 .text.sync_window
                0x00000000080046e4       0x88 Middlewares/Third_Party/FatFs/src/ff.o
 .text.move_window
                0x000000000800476c       0x5a Middlewares/Third_Party/FatFs/src/ff.o
 *fill*         0x00000000080047c6        0x2 
 .text.sync_fs  0x00000000080047c8       0xe0 Middlewares/Third_Party/FatFs/src/ff.o
 .text.clust2sect
                0x00000000080048a8       0x3e Middlewares/Third_Party/FatFs/src/ff.o
 .text.get_fat  0x00000000080048e6      0x1a0 Middlewares/Third_Party/FatFs/src/ff.o
 .text.put_fat  0x0000000008004a86      0x22e Middlewares/Third_Party/FatFs/src/ff.o
 .text.remove_chain
                0x0000000008004cb4       0xca Middlewares/Third_Party/FatFs/src/ff.o
 .text.create_chain
                0x0000000008004d7e      0x130 Middlewares/Third_Party/FatFs/src/ff.o
 .text.clmt_clust
                0x0000000008004eae       0x70 Middlewares/Third_Party/FatFs/src/ff.o
 .text.dir_sdi  0x0000000008004f1e      0x112 Middlewares/Third_Party/FatFs/src/ff.o
 .text.dir_next
                0x0000000008005030      0x1ac Middlewares/Third_Party/FatFs/src/ff.o
 .text.dir_alloc
                0x00000000080051dc       0x8e Middlewares/Third_Party/FatFs/src/ff.o
 .text.ld_clust
                0x000000000800526a       0x3e Middlewares/Third_Party/FatFs/src/ff.o
 .text.st_clust
                0x00000000080052a8       0x40 Middlewares/Third_Party/FatFs/src/ff.o
 .text.dir_read
                0x00000000080052e8       0xba Middlewares/Third_Party/FatFs/src/ff.o
 .text.dir_find
                0x00000000080053a2       0xaa Middlewares/Third_Party/FatFs/src/ff.o
 .text.dir_register
                0x000000000800544c       0x64 Middlewares/Third_Party/FatFs/src/ff.o
 .text.dir_remove
                0x00000000080054b0       0x3c Middlewares/Third_Party/FatFs/src/ff.o
 .text.get_fileinfo
                0x00000000080054ec       0xbe Middlewares/Third_Party/FatFs/src/ff.o
 *fill*         0x00000000080055aa        0x2 
 .text.create_name
                0x00000000080055ac      0x128 Middlewares/Third_Party/FatFs/src/ff.o
 .text.follow_path
                0x00000000080056d4       0xec Middlewares/Third_Party/FatFs/src/ff.o
 .text.get_ldnumber
                0x00000000080057c0       0x88 Middlewares/Third_Party/FatFs/src/ff.o
 .text.check_fs
                0x0000000008005848       0xac Middlewares/Third_Party/FatFs/src/ff.o
 .text.find_volume
                0x00000000080058f4      0x508 Middlewares/Third_Party/FatFs/src/ff.o
 .text.validate
                0x0000000008005dfc       0x6a Middlewares/Third_Party/FatFs/src/ff.o
 *fill*         0x0000000008005e66        0x2 
 .text.f_mount  0x0000000008005e68       0x8c Middlewares/Third_Party/FatFs/src/ff.o
                0x0000000008005e68                f_mount
 .text.f_open   0x0000000008005ef4      0x398 Middlewares/Third_Party/FatFs/src/ff.o
                0x0000000008005ef4                f_open
 .text.f_read   0x000000000800628c      0x2be Middlewares/Third_Party/FatFs/src/ff.o
                0x000000000800628c                f_read
 .text.f_sync   0x000000000800654a       0xfc Middlewares/Third_Party/FatFs/src/ff.o
                0x000000000800654a                f_sync
 .text.f_close  0x0000000008006646       0x54 Middlewares/Third_Party/FatFs/src/ff.o
                0x0000000008006646                f_close
 .text.f_stat   0x000000000800669a       0x72 Middlewares/Third_Party/FatFs/src/ff.o
                0x000000000800669a                f_stat
 .text.f_unlink
                0x000000000800670c      0x156 Middlewares/Third_Party/FatFs/src/ff.o
                0x000000000800670c                f_unlink
 *fill*         0x0000000008006862        0x2 
 .text.FATFS_LinkDriverEx
                0x0000000008006864       0x98 Middlewares/Third_Party/FatFs/src/ff_gen_drv.o
                0x0000000008006864                FATFS_LinkDriverEx
 .text.FATFS_LinkDriver
                0x00000000080068fc       0x1e Middlewares/Third_Party/FatFs/src/ff_gen_drv.o
                0x00000000080068fc                FATFS_LinkDriver
 *fill*         0x000000000800691a        0x2 
 .text.Go_to_App
                0x000000000800691c       0x3c MyLibs/Src/boot.o
                0x000000000800691c                Go_to_App
 .text.flash_erase
                0x0000000008006958       0x3c MyLibs/Src/boot.o
                0x0000000008006958                flash_erase
 .text.flash_program
                0x0000000008006994      0x118 MyLibs/Src/boot.o
                0x0000000008006994                flash_program
 .text.Bootloader_Main
                0x0000000008006aac       0xd0 MyLibs/Src/boot.o
                0x0000000008006aac                Bootloader_Main
 .text.__errno  0x0000000008006b7c        0xc c:/st/stm32cubeide_1.5.0/stm32cubeide/plugins/com.st.stm32cube.ide.mcu.externaltools.gnu-tools-for-stm32.7-2018-q2-update.win32_1.5.0.202011040924/tools/bin/../lib/gcc/arm-none-eabi/7.3.1/../../../../arm-none-eabi/lib/thumb/v7e-m/fpv4-sp/hard\libc_nano.a(lib_a-errno.o)
                0x0000000008006b7c                __errno
 .text.__libc_init_array
                0x0000000008006b88       0x48 c:/st/stm32cubeide_1.5.0/stm32cubeide/plugins/com.st.stm32cube.ide.mcu.externaltools.gnu-tools-for-stm32.7-2018-q2-update.win32_1.5.0.202011040924/tools/bin/../lib/gcc/arm-none-eabi/7.3.1/../../../../arm-none-eabi/lib/thumb/v7e-m/fpv4-sp/hard\libc_nano.a(lib_a-init.o)
                0x0000000008006b88                __libc_init_array
 .text.memset   0x0000000008006bd0       0x10 c:/st/stm32cubeide_1.5.0/stm32cubeide/plugins/com.st.stm32cube.ide.mcu.externaltools.gnu-tools-for-stm32.7-2018-q2-update.win32_1.5.0.202011040924/tools/bin/../lib/gcc/arm-none-eabi/7.3.1/../../../../arm-none-eabi/lib/thumb/v7e-m/fpv4-sp/hard\libc_nano.a(lib_a-memset.o)
                0x0000000008006bd0                memset
 .text.printf   0x0000000008006be0       0x30 c:/st/stm32cubeide_1.5.0/stm32cubeide/plugins/com.st.stm32cube.ide.mcu.externaltools.gnu-tools-for-stm32.7-2018-q2-update.win32_1.5.0.202011040924/tools/bin/../lib/gcc/arm-none-eabi/7.3.1/../../../../arm-none-eabi/lib/thumb/v7e-m/fpv4-sp/hard\libc_nano.a(lib_a-printf.o)
                0x0000000008006be0                iprintf
                0x0000000008006be0                printf
 .text._puts_r  0x0000000008006c10       0xb8 c:/st/stm32cubeide_1.5.0/stm32cubeide/plugins/com.st.stm32cube.ide.mcu.externaltools.gnu-tools-for-stm32.7-2018-q2-update.win32_1.5.0.202011040924/tools/bin/../lib/gcc/arm-none-eabi/7.3.1/../../../../arm-none-eabi/lib/thumb/v7e-m/fpv4-sp/hard\libc_nano.a(lib_a-puts.o)
                0x0000000008006c10                _puts_r
 .text.puts     0x0000000008006cc8       0x10 c:/st/stm32cubeide_1.5.0/stm32cubeide/plugins/com.st.stm32cube.ide.mcu.externaltools.gnu-tools-for-stm32.7-2018-q2-update.win32_1.5.0.202011040924/tools/bin/../lib/gcc/arm-none-eabi/7.3.1/../../../../arm-none-eabi/lib/thumb/v7e-m/fpv4-sp/hard\libc_nano.a(lib_a-puts.o)
                0x0000000008006cc8                puts
 .text.__swbuf_r
                0x0000000008006cd8       0xa4 c:/st/stm32cubeide_1.5.0/stm32cubeide/plugins/com.st.stm32cube.ide.mcu.externaltools.gnu-tools-for-stm32.7-2018-q2-update.win32_1.5.0.202011040924/tools/bin/../lib/gcc/arm-none-eabi/7.3.1/../../../../arm-none-eabi/lib/thumb/v7e-m/fpv4-sp/hard\libc_nano.a(lib_a-wbuf.o)
                0x0000000008006cd8                __swbuf_r
 .text.__swsetup_r
                0x0000000008006d7c       0xdc c:/st/stm32cubeide_1.5.0/stm32cubeide/plugins/com.st.stm32cube.ide.mcu.externaltools.gnu-tools-for-stm32.7-2018-q2-update.win32_1.5.0.202011040924/tools/bin/../lib/gcc/arm-none-eabi/7.3.1/../../../../arm-none-eabi/lib/thumb/v7e-m/fpv4-sp/hard\libc_nano.a(lib_a-wsetup.o)
                0x0000000008006d7c                __swsetup_r
 .text.__sflush_r
                0x0000000008006e58      0x10c c:/st/stm32cubeide_1.5.0/stm32cubeide/plugins/com.st.stm32cube.ide.mcu.externaltools.gnu-tools-for-stm32.7-2018-q2-update.win32_1.5.0.202011040924/tools/bin/../lib/gcc/arm-none-eabi/7.3.1/../../../../arm-none-eabi/lib/thumb/v7e-m/fpv4-sp/hard\libc_nano.a(lib_a-fflush.o)
                0x0000000008006e58                __sflush_r
 .text._fflush_r
                0x0000000008006f64       0x54 c:/st/stm32cubeide_1.5.0/stm32cubeide/plugins/com.st.stm32cube.ide.mcu.externaltools.gnu-tools-for-stm32.7-2018-q2-update.win32_1.5.0.202011040924/tools/bin/../lib/gcc/arm-none-eabi/7.3.1/../../../../arm-none-eabi/lib/thumb/v7e-m/fpv4-sp/hard\libc_nano.a(lib_a-fflush.o)
                0x0000000008006f64                _fflush_r
 .text.std      0x0000000008006fb8       0x48 c:/st/stm32cubeide_1.5.0/stm32cubeide/plugins/com.st.stm32cube.ide.mcu.externaltools.gnu-tools-for-stm32.7-2018-q2-update.win32_1.5.0.202011040924/tools/bin/../lib/gcc/arm-none-eabi/7.3.1/../../../../arm-none-eabi/lib/thumb/v7e-m/fpv4-sp/hard\libc_nano.a(lib_a-findfp.o)
 .text._cleanup_r
                0x0000000008007000        0xc c:/st/stm32cubeide_1.5.0/stm32cubeide/plugins/com.st.stm32cube.ide.mcu.externaltools.gnu-tools-for-stm32.7-2018-q2-update.win32_1.5.0.202011040924/tools/bin/../lib/gcc/arm-none-eabi/7.3.1/../../../../arm-none-eabi/lib/thumb/v7e-m/fpv4-sp/hard\libc_nano.a(lib_a-findfp.o)
                0x0000000008007000                _cleanup_r
 .text.__sfmoreglue
                0x000000000800700c       0x2c c:/st/stm32cubeide_1.5.0/stm32cubeide/plugins/com.st.stm32cube.ide.mcu.externaltools.gnu-tools-for-stm32.7-2018-q2-update.win32_1.5.0.202011040924/tools/bin/../lib/gcc/arm-none-eabi/7.3.1/../../../../arm-none-eabi/lib/thumb/v7e-m/fpv4-sp/hard\libc_nano.a(lib_a-findfp.o)
                0x000000000800700c                __sfmoreglue
 .text.__sinit  0x0000000008007038       0x60 c:/st/stm32cubeide_1.5.0/stm32cubeide/plugins/com.st.stm32cube.ide.mcu.externaltools.gnu-tools-for-stm32.7-2018-q2-update.win32_1.5.0.202011040924/tools/bin/../lib/gcc/arm-none-eabi/7.3.1/../../../../arm-none-eabi/lib/thumb/v7e-m/fpv4-sp/hard\libc_nano.a(lib_a-findfp.o)
                0x0000000008007038                __sinit
 .text.__sfp    0x0000000008007098       0x78 c:/st/stm32cubeide_1.5.0/stm32cubeide/plugins/com.st.stm32cube.ide.mcu.externaltools.gnu-tools-for-stm32.7-2018-q2-update.win32_1.5.0.202011040924/tools/bin/../lib/gcc/arm-none-eabi/7.3.1/../../../../arm-none-eabi/lib/thumb/v7e-m/fpv4-sp/hard\libc_nano.a(lib_a-findfp.o)
                0x0000000008007098                __sfp
 .text._fwalk_reent
                0x0000000008007110       0x3c c:/st/stm32cubeide_1.5.0/stm32cubeide/plugins/com.st.stm32cube.ide.mcu.externaltools.gnu-tools-for-stm32.7-2018-q2-update.win32_1.5.0.202011040924/tools/bin/../lib/gcc/arm-none-eabi/7.3.1/../../../../arm-none-eabi/lib/thumb/v7e-m/fpv4-sp/hard\libc_nano.a(lib_a-fwalk.o)
                0x0000000008007110                _fwalk_reent
 .text.__swhatbuf_r
                0x000000000800714c       0x48 c:/st/stm32cubeide_1.5.0/stm32cubeide/plugins/com.st.stm32cube.ide.mcu.externaltools.gnu-tools-for-stm32.7-2018-q2-update.win32_1.5.0.202011040924/tools/bin/../lib/gcc/arm-none-eabi/7.3.1/../../../../arm-none-eabi/lib/thumb/v7e-m/fpv4-sp/hard\libc_nano.a(lib_a-makebuf.o)
                0x000000000800714c                __swhatbuf_r
 .text.__smakebuf_r
                0x0000000008007194       0x80 c:/st/stm32cubeide_1.5.0/stm32cubeide/plugins/com.st.stm32cube.ide.mcu.externaltools.gnu-tools-for-stm32.7-2018-q2-update.win32_1.5.0.202011040924/tools/bin/../lib/gcc/arm-none-eabi/7.3.1/../../../../arm-none-eabi/lib/thumb/v7e-m/fpv4-sp/hard\libc_nano.a(lib_a-makebuf.o)
                0x0000000008007194                __smakebuf_r
 .text._free_r  0x0000000008007214       0x9c c:/st/stm32cubeide_1.5.0/stm32cubeide/plugins/com.st.stm32cube.ide.mcu.externaltools.gnu-tools-for-stm32.7-2018-q2-update.win32_1.5.0.202011040924/tools/bin/../lib/gcc/arm-none-eabi/7.3.1/../../../../arm-none-eabi/lib/thumb/v7e-m/fpv4-sp/hard\libc_nano.a(lib_a-nano-freer.o)
                0x0000000008007214                _free_r
 .text._malloc_r
                0x00000000080072b0       0xb4 c:/st/stm32cubeide_1.5.0/stm32cubeide/plugins/com.st.stm32cube.ide.mcu.externaltools.gnu-tools-for-stm32.7-2018-q2-update.win32_1.5.0.202011040924/tools/bin/../lib/gcc/arm-none-eabi/7.3.1/../../../../arm-none-eabi/lib/thumb/v7e-m/fpv4-sp/hard\libc_nano.a(lib_a-nano-mallocr.o)
                0x00000000080072b0                _malloc_r
 .text.__sfputc_r
                0x0000000008007364       0x2e c:/st/stm32cubeide_1.5.0/stm32cubeide/plugins/com.st.stm32cube.ide.mcu.externaltools.gnu-tools-for-stm32.7-2018-q2-update.win32_1.5.0.202011040924/tools/bin/../lib/gcc/arm-none-eabi/7.3.1/../../../../arm-none-eabi/lib/thumb/v7e-m/fpv4-sp/hard\libc_nano.a(lib_a-nano-vfprintf.o)
 .text.__sfputs_r
                0x0000000008007392       0x24 c:/st/stm32cubeide_1.5.0/stm32cubeide/plugins/com.st.stm32cube.ide.mcu.externaltools.gnu-tools-for-stm32.7-2018-q2-update.win32_1.5.0.202011040924/tools/bin/../lib/gcc/arm-none-eabi/7.3.1/../../../../arm-none-eabi/lib/thumb/v7e-m/fpv4-sp/hard\libc_nano.a(lib_a-nano-vfprintf.o)
                0x0000000008007392                __sfputs_r
 *fill*         0x00000000080073b6        0x2 
 .text._vfprintf_r
                0x00000000080073b8      0x22c c:/st/stm32cubeide_1.5.0/stm32cubeide/plugins/com.st.stm32cube.ide.mcu.externaltools.gnu-tools-for-stm32.7-2018-q2-update.win32_1.5.0.202011040924/tools/bin/../lib/gcc/arm-none-eabi/7.3.1/../../../../arm-none-eabi/lib/thumb/v7e-m/fpv4-sp/hard\libc_nano.a(lib_a-nano-vfprintf.o)
                0x00000000080073b8                _vfprintf_r
                0x00000000080073b8                _vfiprintf_r
 .text._printf_common
                0x00000000080075e4       0xea c:/st/stm32cubeide_1.5.0/stm32cubeide/plugins/com.st.stm32cube.ide.mcu.externaltools.gnu-tools-for-stm32.7-2018-q2-update.win32_1.5.0.202011040924/tools/bin/../lib/gcc/arm-none-eabi/7.3.1/../../../../arm-none-eabi/lib/thumb/v7e-m/fpv4-sp/hard\libc_nano.a(lib_a-nano-vfprintf_i.o)
                0x00000000080075e4                _printf_common
 *fill*         0x00000000080076ce        0x2 
 .text._printf_i
                0x00000000080076d0      0x224 c:/st/stm32cubeide_1.5.0/stm32cubeide/plugins/com.st.stm32cube.ide.mcu.externaltools.gnu-tools-for-stm32.7-2018-q2-update.win32_1.5.0.202011040924/tools/bin/../lib/gcc/arm-none-eabi/7.3.1/../../../../arm-none-eabi/lib/thumb/v7e-m/fpv4-sp/hard\libc_nano.a(lib_a-nano-vfprintf_i.o)
                0x00000000080076d0                _printf_i
 .text._sbrk_r  0x00000000080078f4       0x20 c:/st/stm32cubeide_1.5.0/stm32cubeide/plugins/com.st.stm32cube.ide.mcu.externaltools.gnu-tools-for-stm32.7-2018-q2-update.win32_1.5.0.202011040924/tools/bin/../lib/gcc/arm-none-eabi/7.3.1/../../../../arm-none-eabi/lib/thumb/v7e-m/fpv4-sp/hard\libc_nano.a(lib_a-sbrkr.o)
                0x00000000080078f4                _sbrk_r
 .text.__sread  0x0000000008007914       0x22 c:/st/stm32cubeide_1.5.0/stm32cubeide/plugins/com.st.stm32cube.ide.mcu.externaltools.gnu-tools-for-stm32.7-2018-q2-update.win32_1.5.0.202011040924/tools/bin/../lib/gcc/arm-none-eabi/7.3.1/../../../../arm-none-eabi/lib/thumb/v7e-m/fpv4-sp/hard\libc_nano.a(lib_a-stdio.o)
                0x0000000008007914                __sread
 .text.__swrite
                0x0000000008007936       0x38 c:/st/stm32cubeide_1.5.0/stm32cubeide/plugins/com.st.stm32cube.ide.mcu.externaltools.gnu-tools-for-stm32.7-2018-q2-update.win32_1.5.0.202011040924/tools/bin/../lib/gcc/arm-none-eabi/7.3.1/../../../../arm-none-eabi/lib/thumb/v7e-m/fpv4-sp/hard\libc_nano.a(lib_a-stdio.o)
                0x0000000008007936                __swrite
 .text.__sseek  0x000000000800796e       0x24 c:/st/stm32cubeide_1.5.0/stm32cubeide/plugins/com.st.stm32cube.ide.mcu.externaltools.gnu-tools-for-stm32.7-2018-q2-update.win32_1.5.0.202011040924/tools/bin/../lib/gcc/arm-none-eabi/7.3.1/../../../../arm-none-eabi/lib/thumb/v7e-m/fpv4-sp/hard\libc_nano.a(lib_a-stdio.o)
                0x000000000800796e                __sseek
 .text.__sclose
                0x0000000008007992        0x8 c:/st/stm32cubeide_1.5.0/stm32cubeide/plugins/com.st.stm32cube.ide.mcu.externaltools.gnu-tools-for-stm32.7-2018-q2-update.win32_1.5.0.202011040924/tools/bin/../lib/gcc/arm-none-eabi/7.3.1/../../../../arm-none-eabi/lib/thumb/v7e-m/fpv4-sp/hard\libc_nano.a(lib_a-stdio.o)
                0x0000000008007992                __sclose
 *fill*         0x000000000800799a        0x2 
 .text._write_r
                0x000000000800799c       0x24 c:/st/stm32cubeide_1.5.0/stm32cubeide/plugins/com.st.stm32cube.ide.mcu.externaltools.gnu-tools-for-stm32.7-2018-q2-update.win32_1.5.0.202011040924/tools/bin/../lib/gcc/arm-none-eabi/7.3.1/../../../../arm-none-eabi/lib/thumb/v7e-m/fpv4-sp/hard\libc_nano.a(lib_a-writer.o)
                0x000000000800799c                _write_r
 .text._close_r
                0x00000000080079c0       0x20 c:/st/stm32cubeide_1.5.0/stm32cubeide/plugins/com.st.stm32cube.ide.mcu.externaltools.gnu-tools-for-stm32.7-2018-q2-update.win32_1.5.0.202011040924/tools/bin/../lib/gcc/arm-none-eabi/7.3.1/../../../../arm-none-eabi/lib/thumb/v7e-m/fpv4-sp/hard\libc_nano.a(lib_a-closer.o)
                0x00000000080079c0                _close_r
 .text._fstat_r
                0x00000000080079e0       0x24 c:/st/stm32cubeide_1.5.0/stm32cubeide/plugins/com.st.stm32cube.ide.mcu.externaltools.gnu-tools-for-stm32.7-2018-q2-update.win32_1.5.0.202011040924/tools/bin/../lib/gcc/arm-none-eabi/7.3.1/../../../../arm-none-eabi/lib/thumb/v7e-m/fpv4-sp/hard\libc_nano.a(lib_a-fstatr.o)
                0x00000000080079e0                _fstat_r
 .text._isatty_r
                0x0000000008007a04       0x20 c:/st/stm32cubeide_1.5.0/stm32cubeide/plugins/com.st.stm32cube.ide.mcu.externaltools.gnu-tools-for-stm32.7-2018-q2-update.win32_1.5.0.202011040924/tools/bin/../lib/gcc/arm-none-eabi/7.3.1/../../../../arm-none-eabi/lib/thumb/v7e-m/fpv4-sp/hard\libc_nano.a(lib_a-isattyr.o)
                0x0000000008007a04                _isatty_r
 .text._lseek_r
                0x0000000008007a24       0x24 c:/st/stm32cubeide_1.5.0/stm32cubeide/plugins/com.st.stm32cube.ide.mcu.externaltools.gnu-tools-for-stm32.7-2018-q2-update.win32_1.5.0.202011040924/tools/bin/../lib/gcc/arm-none-eabi/7.3.1/../../../../arm-none-eabi/lib/thumb/v7e-m/fpv4-sp/hard\libc_nano.a(lib_a-lseekr.o)
                0x0000000008007a24                _lseek_r
 .text.__malloc_lock
                0x0000000008007a48        0x2 c:/st/stm32cubeide_1.5.0/stm32cubeide/plugins/com.st.stm32cube.ide.mcu.externaltools.gnu-tools-for-stm32.7-2018-q2-update.win32_1.5.0.202011040924/tools/bin/../lib/gcc/arm-none-eabi/7.3.1/../../../../arm-none-eabi/lib/thumb/v7e-m/fpv4-sp/hard\libc_nano.a(lib_a-mlock.o)
                0x0000000008007a48                __malloc_lock
 .text.__malloc_unlock
                0x0000000008007a4a        0x2 c:/st/stm32cubeide_1.5.0/stm32cubeide/plugins/com.st.stm32cube.ide.mcu.externaltools.gnu-tools-for-stm32.7-2018-q2-update.win32_1.5.0.202011040924/tools/bin/../lib/gcc/arm-none-eabi/7.3.1/../../../../arm-none-eabi/lib/thumb/v7e-m/fpv4-sp/hard\libc_nano.a(lib_a-mlock.o)
                0x0000000008007a4a                __malloc_unlock
 .text._read_r  0x0000000008007a4c       0x24 c:/st/stm32cubeide_1.5.0/stm32cubeide/plugins/com.st.stm32cube.ide.mcu.externaltools.gnu-tools-for-stm32.7-2018-q2-update.win32_1.5.0.202011040924/tools/bin/../lib/gcc/arm-none-eabi/7.3.1/../../../../arm-none-eabi/lib/thumb/v7e-m/fpv4-sp/hard\libc_nano.a(lib_a-readr.o)
                0x0000000008007a4c                _read_r
 *(.glue_7)
 .glue_7        0x0000000008007a70        0x0 linker stubs
 *(.glue_7t)
 .glue_7t       0x0000000008007a70        0x0 linker stubs
 *(.eh_frame)
 .eh_frame      0x0000000008007a70        0x0 c:/st/stm32cubeide_1.5.0/stm32cubeide/plugins/com.st.stm32cube.ide.mcu.externaltools.gnu-tools-for-stm32.7-2018-q2-update.win32_1.5.0.202011040924/tools/bin/../lib/gcc/arm-none-eabi/7.3.1/thumb/v7e-m/fpv4-sp/hard/crtbegin.o
 *(.init)
 .init          0x0000000008007a70        0x4 c:/st/stm32cubeide_1.5.0/stm32cubeide/plugins/com.st.stm32cube.ide.mcu.externaltools.gnu-tools-for-stm32.7-2018-q2-update.win32_1.5.0.202011040924/tools/bin/../lib/gcc/arm-none-eabi/7.3.1/thumb/v7e-m/fpv4-sp/hard/crti.o
                0x0000000008007a70                _init
 .init          0x0000000008007a74        0x8 c:/st/stm32cubeide_1.5.0/stm32cubeide/plugins/com.st.stm32cube.ide.mcu.externaltools.gnu-tools-for-stm32.7-2018-q2-update.win32_1.5.0.202011040924/tools/bin/../lib/gcc/arm-none-eabi/7.3.1/thumb/v7e-m/fpv4-sp/hard/crtn.o
 *(.fini)
 .fini          0x0000000008007a7c        0x4 c:/st/stm32cubeide_1.5.0/stm32cubeide/plugins/com.st.stm32cube.ide.mcu.externaltools.gnu-tools-for-stm32.7-2018-q2-update.win32_1.5.0.202011040924/tools/bin/../lib/gcc/arm-none-eabi/7.3.1/thumb/v7e-m/fpv4-sp/hard/crti.o
                0x0000000008007a7c                _fini
 .fini          0x0000000008007a80        0x8 c:/st/stm32cubeide_1.5.0/stm32cubeide/plugins/com.st.stm32cube.ide.mcu.externaltools.gnu-tools-for-stm32.7-2018-q2-update.win32_1.5.0.202011040924/tools/bin/../lib/gcc/arm-none-eabi/7.3.1/thumb/v7e-m/fpv4-sp/hard/crtn.o
                0x0000000008007a88                . = ALIGN (0x4)
                0x0000000008007a88                _etext = .

.vfp11_veneer   0x0000000008007a88        0x0
 .vfp11_veneer  0x0000000008007a88        0x0 linker stubs

.v4_bx          0x0000000008007a88        0x0
 .v4_bx         0x0000000008007a88        0x0 linker stubs

.iplt           0x0000000008007a88        0x0
 .iplt          0x0000000008007a88        0x0 c:/st/stm32cubeide_1.5.0/stm32cubeide/plugins/com.st.stm32cube.ide.mcu.externaltools.gnu-tools-for-stm32.7-2018-q2-update.win32_1.5.0.202011040924/tools/bin/../lib/gcc/arm-none-eabi/7.3.1/thumb/v7e-m/fpv4-sp/hard/crtbegin.o

.rodata         0x0000000008007a88      0x1e8
                0x0000000008007a88                . = ALIGN (0x4)
 *(.rodata)
 .rodata        0x0000000008007a88       0x44 Middlewares/Third_Party/FatFs/src/ff.o
 .rodata        0x0000000008007acc       0x68 MyLibs/Src/boot.o
 *(.rodata*)
 .rodata.AHBPrescTable
                0x0000000008007b34       0x10 Core/Src/system_stm32f4xx.o
                0x0000000008007b34                AHBPrescTable
 .rodata.SD_Driver
                0x0000000008007b44       0x14 FATFS/Target/sd_diskio.o
                0x0000000008007b44                SD_Driver
 .rodata.ExCvt  0x0000000008007b58       0x80 Middlewares/Third_Party/FatFs/src/ff.o
 .rodata._global_impure_ptr
                0x0000000008007bd8        0x4 c:/st/stm32cubeide_1.5.0/stm32cubeide/plugins/com.st.stm32cube.ide.mcu.externaltools.gnu-tools-for-stm32.7-2018-q2-update.win32_1.5.0.202011040924/tools/bin/../lib/gcc/arm-none-eabi/7.3.1/../../../../arm-none-eabi/lib/thumb/v7e-m/fpv4-sp/hard\libc_nano.a(lib_a-impure.o)
                0x0000000008007bd8                _global_impure_ptr
 .rodata.__sf_fake_stderr
                0x0000000008007bdc       0x20 c:/st/stm32cubeide_1.5.0/stm32cubeide/plugins/com.st.stm32cube.ide.mcu.externaltools.gnu-tools-for-stm32.7-2018-q2-update.win32_1.5.0.202011040924/tools/bin/../lib/gcc/arm-none-eabi/7.3.1/../../../../arm-none-eabi/lib/thumb/v7e-m/fpv4-sp/hard\libc_nano.a(lib_a-findfp.o)
                0x0000000008007bdc                __sf_fake_stderr
 .rodata.__sf_fake_stdin
                0x0000000008007bfc       0x20 c:/st/stm32cubeide_1.5.0/stm32cubeide/plugins/com.st.stm32cube.ide.mcu.externaltools.gnu-tools-for-stm32.7-2018-q2-update.win32_1.5.0.202011040924/tools/bin/../lib/gcc/arm-none-eabi/7.3.1/../../../../arm-none-eabi/lib/thumb/v7e-m/fpv4-sp/hard\libc_nano.a(lib_a-findfp.o)
                0x0000000008007bfc                __sf_fake_stdin
 .rodata.__sf_fake_stdout
                0x0000000008007c1c       0x20 c:/st/stm32cubeide_1.5.0/stm32cubeide/plugins/com.st.stm32cube.ide.mcu.externaltools.gnu-tools-for-stm32.7-2018-q2-update.win32_1.5.0.202011040924/tools/bin/../lib/gcc/arm-none-eabi/7.3.1/../../../../arm-none-eabi/lib/thumb/v7e-m/fpv4-sp/hard\libc_nano.a(lib_a-findfp.o)
                0x0000000008007c1c                __sf_fake_stdout
 .rodata._vfprintf_r.str1.1
                0x0000000008007c3c       0x11 c:/st/stm32cubeide_1.5.0/stm32cubeide/plugins/com.st.stm32cube.ide.mcu.externaltools.gnu-tools-for-stm32.7-2018-q2-update.win32_1.5.0.202011040924/tools/bin/../lib/gcc/arm-none-eabi/7.3.1/../../../../arm-none-eabi/lib/thumb/v7e-m/fpv4-sp/hard\libc_nano.a(lib_a-nano-vfprintf.o)
 .rodata._printf_i.str1.1
                0x0000000008007c4d       0x22 c:/st/stm32cubeide_1.5.0/stm32cubeide/plugins/com.st.stm32cube.ide.mcu.externaltools.gnu-tools-for-stm32.7-2018-q2-update.win32_1.5.0.202011040924/tools/bin/../lib/gcc/arm-none-eabi/7.3.1/../../../../arm-none-eabi/lib/thumb/v7e-m/fpv4-sp/hard\libc_nano.a(lib_a-nano-vfprintf_i.o)
                0x0000000008007c70                . = ALIGN (0x4)
 *fill*         0x0000000008007c6f        0x1 

.ARM.extab      0x0000000008007c70        0x0
                0x0000000008007c70                . = ALIGN (0x4)
 *(.ARM.extab* .gnu.linkonce.armextab.*)
                0x0000000008007c70                . = ALIGN (0x4)

.ARM            0x0000000008007c70        0x8
                0x0000000008007c70                . = ALIGN (0x4)
                0x0000000008007c70                __exidx_start = .
 *(.ARM.exidx*)
 .ARM.exidx     0x0000000008007c70        0x8 c:/st/stm32cubeide_1.5.0/stm32cubeide/plugins/com.st.stm32cube.ide.mcu.externaltools.gnu-tools-for-stm32.7-2018-q2-update.win32_1.5.0.202011040924/tools/bin/../lib/gcc/arm-none-eabi/7.3.1/thumb/v7e-m/fpv4-sp/hard\libgcc.a(_udivmoddi4.o)
                0x0000000008007c78                __exidx_end = .
                0x0000000008007c78                . = ALIGN (0x4)

.rel.dyn        0x0000000008007c78        0x0
 .rel.iplt      0x0000000008007c78        0x0 c:/st/stm32cubeide_1.5.0/stm32cubeide/plugins/com.st.stm32cube.ide.mcu.externaltools.gnu-tools-for-stm32.7-2018-q2-update.win32_1.5.0.202011040924/tools/bin/../lib/gcc/arm-none-eabi/7.3.1/thumb/v7e-m/fpv4-sp/hard/crtbegin.o

.preinit_array  0x0000000008007c78        0x0
                0x0000000008007c78                . = ALIGN (0x4)
                0x0000000008007c78                PROVIDE (__preinit_array_start = .)
 *(.preinit_array*)
                0x0000000008007c78                PROVIDE (__preinit_array_end = .)
                0x0000000008007c78                . = ALIGN (0x4)

.init_array     0x0000000008007c78        0x4
                0x0000000008007c78                . = ALIGN (0x4)
                0x0000000008007c78                PROVIDE (__init_array_start = .)
 *(SORT_BY_NAME(.init_array.*))
 *(.init_array*)
 .init_array    0x0000000008007c78        0x4 c:/st/stm32cubeide_1.5.0/stm32cubeide/plugins/com.st.stm32cube.ide.mcu.externaltools.gnu-tools-for-stm32.7-2018-q2-update.win32_1.5.0.202011040924/tools/bin/../lib/gcc/arm-none-eabi/7.3.1/thumb/v7e-m/fpv4-sp/hard/crtbegin.o
                0x0000000008007c7c                PROVIDE (__init_array_end = .)
                0x0000000008007c7c                . = ALIGN (0x4)

.fini_array     0x0000000008007c7c        0x4
                0x0000000008007c7c                . = ALIGN (0x4)
                [!provide]                        PROVIDE (__fini_array_start = .)
 *(SORT_BY_NAME(.fini_array.*))
 *(.fini_array*)
 .fini_array    0x0000000008007c7c        0x4 c:/st/stm32cubeide_1.5.0/stm32cubeide/plugins/com.st.stm32cube.ide.mcu.externaltools.gnu-tools-for-stm32.7-2018-q2-update.win32_1.5.0.202011040924/tools/bin/../lib/gcc/arm-none-eabi/7.3.1/thumb/v7e-m/fpv4-sp/hard/crtbegin.o
                [!provide]                        PROVIDE (__fini_array_end = .)
                0x0000000008007c80                . = ALIGN (0x4)
                0x0000000008007c80                _sidata = LOADADDR (.data)

.data           0x0000000020000000       0x70 load address 0x0000000008007c80
                0x0000000020000000                . = ALIGN (0x4)
                0x0000000020000000                _sdata = .
 *(.data)
 *(.data*)
 .data.SystemCoreClock
                0x0000000020000000        0x4 Core/Src/system_stm32f4xx.o
                0x0000000020000000                SystemCoreClock
 .data.uwTickPrio
                0x0000000020000004        0x4 Drivers/STM32F4xx_HAL_Driver/Src/stm32f4xx_hal.o
                0x0000000020000004                uwTickPrio
 .data.uwTickFreq
                0x0000000020000008        0x1 Drivers/STM32F4xx_HAL_Driver/Src/stm32f4xx_hal.o
                0x0000000020000008                uwTickFreq
 .data.Stat     0x0000000020000009        0x1 FATFS/Target/sd_diskio.o
 *fill*         0x000000002000000a        0x2 
 .data._impure_ptr
                0x000000002000000c        0x4 c:/st/stm32cubeide_1.5.0/stm32cubeide/plugins/com.st.stm32cube.ide.mcu.externaltools.gnu-tools-for-stm32.7-2018-q2-update.win32_1.5.0.202011040924/tools/bin/../lib/gcc/arm-none-eabi/7.3.1/../../../../arm-none-eabi/lib/thumb/v7e-m/fpv4-sp/hard\libc_nano.a(lib_a-impure.o)
                0x000000002000000c                _impure_ptr
 .data.impure_data
                0x0000000020000010       0x60 c:/st/stm32cubeide_1.5.0/stm32cubeide/plugins/com.st.stm32cube.ide.mcu.externaltools.gnu-tools-for-stm32.7-2018-q2-update.win32_1.5.0.202011040924/tools/bin/../lib/gcc/arm-none-eabi/7.3.1/../../../../arm-none-eabi/lib/thumb/v7e-m/fpv4-sp/hard\libc_nano.a(lib_a-impure.o)
 *(.RamFunc)
 *(.RamFunc*)
                0x0000000020000070                . = ALIGN (0x4)
                0x0000000020000070                _edata = .

.igot.plt       0x0000000020000070        0x0 load address 0x0000000008007cf0
 .igot.plt      0x0000000020000070        0x0 c:/st/stm32cubeide_1.5.0/stm32cubeide/plugins/com.st.stm32cube.ide.mcu.externaltools.gnu-tools-for-stm32.7-2018-q2-update.win32_1.5.0.202011040924/tools/bin/../lib/gcc/arm-none-eabi/7.3.1/thumb/v7e-m/fpv4-sp/hard/crtbegin.o
                0x0000000020000070                . = ALIGN (0x4)

.bss            0x0000000020000070     0x41f0 load address 0x0000000008007cf0
                0x0000000020000070                _sbss = .
                0x0000000020000070                __bss_start__ = _sbss
 *(.bss)
 .bss           0x0000000020000070       0x1c c:/st/stm32cubeide_1.5.0/stm32cubeide/plugins/com.st.stm32cube.ide.mcu.externaltools.gnu-tools-for-stm32.7-2018-q2-update.win32_1.5.0.202011040924/tools/bin/../lib/gcc/arm-none-eabi/7.3.1/thumb/v7e-m/fpv4-sp/hard/crtbegin.o
 *(.bss*)
 .bss.__sbrk_heap_end
                0x000000002000008c        0x4 Core/Src/sysmem.o
 .bss.FatFs     0x0000000020000090        0x4 Middlewares/Third_Party/FatFs/src/ff.o
 .bss.Fsid      0x0000000020000094        0x2 Middlewares/Third_Party/FatFs/src/ff.o
 *fill*         0x0000000020000096        0x2 
 .bss.Files     0x0000000020000098       0x20 Middlewares/Third_Party/FatFs/src/ff.o
 .bss.disk      0x00000000200000b8        0xc Middlewares/Third_Party/FatFs/src/ff_gen_drv.o
                0x00000000200000b8                disk
 .bss.__malloc_free_list
                0x00000000200000c4        0x4 c:/st/stm32cubeide_1.5.0/stm32cubeide/plugins/com.st.stm32cube.ide.mcu.externaltools.gnu-tools-for-stm32.7-2018-q2-update.win32_1.5.0.202011040924/tools/bin/../lib/gcc/arm-none-eabi/7.3.1/../../../../arm-none-eabi/lib/thumb/v7e-m/fpv4-sp/hard\libc_nano.a(lib_a-nano-mallocr.o)
                0x00000000200000c4                __malloc_free_list
 .bss.__malloc_sbrk_start
                0x00000000200000c8        0x4 c:/st/stm32cubeide_1.5.0/stm32cubeide/plugins/com.st.stm32cube.ide.mcu.externaltools.gnu-tools-for-stm32.7-2018-q2-update.win32_1.5.0.202011040924/tools/bin/../lib/gcc/arm-none-eabi/7.3.1/../../../../arm-none-eabi/lib/thumb/v7e-m/fpv4-sp/hard\libc_nano.a(lib_a-nano-mallocr.o)
                0x00000000200000c8                __malloc_sbrk_start
 *(COMMON)
 COMMON         0x00000000200000cc       0x84 Core/Src/main.o
                0x00000000200000cc                hsd
 COMMON         0x0000000020000150        0x4 Drivers/STM32F4xx_HAL_Driver/Src/stm32f4xx_hal.o
                0x0000000020000150                uwTick
 COMMON         0x0000000020000154       0x20 Drivers/STM32F4xx_HAL_Driver/Src/stm32f4xx_hal_flash.o
                0x0000000020000154                pFlash
 COMMON         0x0000000020000174     0x206c FATFS/App/fatfs.o
                0x0000000020000174                retSD
                0x0000000020000178                SDPath
                0x000000002000017c                SDFile
                0x00000000200011ac                SDFatFS
 COMMON         0x00000000200021e0     0x207c MyLibs/Src/boot.o
                0x00000000200021e0                info
                0x00000000200021f8                program
                0x0000000020003228                fileSystem
 COMMON         0x000000002000425c        0x4 c:/st/stm32cubeide_1.5.0/stm32cubeide/plugins/com.st.stm32cube.ide.mcu.externaltools.gnu-tools-for-stm32.7-2018-q2-update.win32_1.5.0.202011040924/tools/bin/../lib/gcc/arm-none-eabi/7.3.1/../../../../arm-none-eabi/lib/thumb/v7e-m/fpv4-sp/hard\libc_nano.a(lib_a-reent.o)
                0x000000002000425c                errno
                0x0000000020004260                . = ALIGN (0x4)
                0x0000000020004260                _ebss = .
                0x0000000020004260                __bss_end__ = _ebss

._user_heap_stack
                0x0000000020004260      0x600 load address 0x0000000008007cf0
                0x0000000020004260                . = ALIGN (0x8)
                [!provide]                        PROVIDE (end = .)
                0x0000000020004260                PROVIDE (_end = .)
                0x0000000020004460                . = (. + _Min_Heap_Size)
 *fill*         0x0000000020004260      0x200 
                0x0000000020004860                . = (. + _Min_Stack_Size)
 *fill*         0x0000000020004460      0x400 
                0x0000000020004860                . = ALIGN (0x8)

/DISCARD/
 libc.a(*)
 libm.a(*)
 libgcc.a(*)

.ARM.attributes
                0x0000000000000000       0x30
 *(.ARM.attributes)
 .ARM.attributes
                0x0000000000000000       0x22 c:/st/stm32cubeide_1.5.0/stm32cubeide/plugins/com.st.stm32cube.ide.mcu.externaltools.gnu-tools-for-stm32.7-2018-q2-update.win32_1.5.0.202011040924/tools/bin/../lib/gcc/arm-none-eabi/7.3.1/thumb/v7e-m/fpv4-sp/hard/crti.o
 .ARM.attributes
                0x0000000000000022       0x34 c:/st/stm32cubeide_1.5.0/stm32cubeide/plugins/com.st.stm32cube.ide.mcu.externaltools.gnu-tools-for-stm32.7-2018-q2-update.win32_1.5.0.202011040924/tools/bin/../lib/gcc/arm-none-eabi/7.3.1/thumb/v7e-m/fpv4-sp/hard/crtbegin.o
 .ARM.attributes
                0x0000000000000056       0x39 Core/Src/main.o
 .ARM.attributes
                0x000000000000008f       0x39 Core/Src/stm32f4xx_hal_msp.o
 .ARM.attributes
                0x00000000000000c8       0x39 Core/Src/stm32f4xx_it.o
 .ARM.attributes
                0x0000000000000101       0x39 Core/Src/syscalls.o
 .ARM.attributes
                0x000000000000013a       0x39 Core/Src/sysmem.o
 .ARM.attributes
                0x0000000000000173       0x39 Core/Src/system_stm32f4xx.o
 .ARM.attributes
                0x00000000000001ac       0x21 Core/Startup/startup_stm32f411ceux.o
 .ARM.attributes
                0x00000000000001cd       0x39 Drivers/STM32F4xx_HAL_Driver/Src/stm32f4xx_hal.o
 .ARM.attributes
                0x0000000000000206       0x39 Drivers/STM32F4xx_HAL_Driver/Src/stm32f4xx_hal_cortex.o
 .ARM.attributes
                0x000000000000023f       0x39 Drivers/STM32F4xx_HAL_Driver/Src/stm32f4xx_hal_flash.o
 .ARM.attributes
                0x0000000000000278       0x39 Drivers/STM32F4xx_HAL_Driver/Src/stm32f4xx_hal_flash_ex.o
 .ARM.attributes
                0x00000000000002b1       0x39 Drivers/STM32F4xx_HAL_Driver/Src/stm32f4xx_hal_gpio.o
 .ARM.attributes
                0x00000000000002ea       0x39 Drivers/STM32F4xx_HAL_Driver/Src/stm32f4xx_hal_rcc.o
 .ARM.attributes
                0x0000000000000323       0x39 Drivers/STM32F4xx_HAL_Driver/Src/stm32f4xx_hal_rcc_ex.o
 .ARM.attributes
                0x000000000000035c       0x39 Drivers/STM32F4xx_HAL_Driver/Src/stm32f4xx_hal_sd.o
 .ARM.attributes
                0x0000000000000395       0x39 Drivers/STM32F4xx_HAL_Driver/Src/stm32f4xx_ll_sdmmc.o
 .ARM.attributes
                0x00000000000003ce       0x39 FATFS/App/fatfs.o
 .ARM.attributes
                0x0000000000000407       0x39 FATFS/Target/bsp_driver_sd.o
 .ARM.attributes
                0x0000000000000440       0x39 FATFS/Target/sd_diskio.o
 .ARM.attributes
                0x0000000000000479       0x39 Middlewares/Third_Party/FatFs/src/diskio.o
 .ARM.attributes
                0x00000000000004b2       0x39 Middlewares/Third_Party/FatFs/src/ff.o
 .ARM.attributes
                0x00000000000004eb       0x39 Middlewares/Third_Party/FatFs/src/ff_gen_drv.o
 .ARM.attributes
                0x0000000000000524       0x39 MyLibs/Src/boot.o
 .ARM.attributes
                0x000000000000055d       0x34 c:/st/stm32cubeide_1.5.0/stm32cubeide/plugins/com.st.stm32cube.ide.mcu.externaltools.gnu-tools-for-stm32.7-2018-q2-update.win32_1.5.0.202011040924/tools/bin/../lib/gcc/arm-none-eabi/7.3.1/../../../../arm-none-eabi/lib/thumb/v7e-m/fpv4-sp/hard\libc_nano.a(lib_a-errno.o)
 .ARM.attributes
                0x0000000000000591       0x34 c:/st/stm32cubeide_1.5.0/stm32cubeide/plugins/com.st.stm32cube.ide.mcu.externaltools.gnu-tools-for-stm32.7-2018-q2-update.win32_1.5.0.202011040924/tools/bin/../lib/gcc/arm-none-eabi/7.3.1/../../../../arm-none-eabi/lib/thumb/v7e-m/fpv4-sp/hard\libc_nano.a(lib_a-impure.o)
 .ARM.attributes
                0x00000000000005c5       0x34 c:/st/stm32cubeide_1.5.0/stm32cubeide/plugins/com.st.stm32cube.ide.mcu.externaltools.gnu-tools-for-stm32.7-2018-q2-update.win32_1.5.0.202011040924/tools/bin/../lib/gcc/arm-none-eabi/7.3.1/../../../../arm-none-eabi/lib/thumb/v7e-m/fpv4-sp/hard\libc_nano.a(lib_a-init.o)
 .ARM.attributes
                0x00000000000005f9       0x34 c:/st/stm32cubeide_1.5.0/stm32cubeide/plugins/com.st.stm32cube.ide.mcu.externaltools.gnu-tools-for-stm32.7-2018-q2-update.win32_1.5.0.202011040924/tools/bin/../lib/gcc/arm-none-eabi/7.3.1/../../../../arm-none-eabi/lib/thumb/v7e-m/fpv4-sp/hard\libc_nano.a(lib_a-memset.o)
 .ARM.attributes
                0x000000000000062d       0x34 c:/st/stm32cubeide_1.5.0/stm32cubeide/plugins/com.st.stm32cube.ide.mcu.externaltools.gnu-tools-for-stm32.7-2018-q2-update.win32_1.5.0.202011040924/tools/bin/../lib/gcc/arm-none-eabi/7.3.1/../../../../arm-none-eabi/lib/thumb/v7e-m/fpv4-sp/hard\libc_nano.a(lib_a-printf.o)
 .ARM.attributes
                0x0000000000000661       0x34 c:/st/stm32cubeide_1.5.0/stm32cubeide/plugins/com.st.stm32cube.ide.mcu.externaltools.gnu-tools-for-stm32.7-2018-q2-update.win32_1.5.0.202011040924/tools/bin/../lib/gcc/arm-none-eabi/7.3.1/../../../../arm-none-eabi/lib/thumb/v7e-m/fpv4-sp/hard\libc_nano.a(lib_a-puts.o)
 .ARM.attributes
                0x0000000000000695       0x34 c:/st/stm32cubeide_1.5.0/stm32cubeide/plugins/com.st.stm32cube.ide.mcu.externaltools.gnu-tools-for-stm32.7-2018-q2-update.win32_1.5.0.202011040924/tools/bin/../lib/gcc/arm-none-eabi/7.3.1/../../../../arm-none-eabi/lib/thumb/v7e-m/fpv4-sp/hard\libc_nano.a(lib_a-wbuf.o)
 .ARM.attributes
                0x00000000000006c9       0x34 c:/st/stm32cubeide_1.5.0/stm32cubeide/plugins/com.st.stm32cube.ide.mcu.externaltools.gnu-tools-for-stm32.7-2018-q2-update.win32_1.5.0.202011040924/tools/bin/../lib/gcc/arm-none-eabi/7.3.1/../../../../arm-none-eabi/lib/thumb/v7e-m/fpv4-sp/hard\libc_nano.a(lib_a-wsetup.o)
 .ARM.attributes
                0x00000000000006fd       0x34 c:/st/stm32cubeide_1.5.0/stm32cubeide/plugins/com.st.stm32cube.ide.mcu.externaltools.gnu-tools-for-stm32.7-2018-q2-update.win32_1.5.0.202011040924/tools/bin/../lib/gcc/arm-none-eabi/7.3.1/../../../../arm-none-eabi/lib/thumb/v7e-m/fpv4-sp/hard\libc_nano.a(lib_a-fflush.o)
 .ARM.attributes
                0x0000000000000731       0x34 c:/st/stm32cubeide_1.5.0/stm32cubeide/plugins/com.st.stm32cube.ide.mcu.externaltools.gnu-tools-for-stm32.7-2018-q2-update.win32_1.5.0.202011040924/tools/bin/../lib/gcc/arm-none-eabi/7.3.1/../../../../arm-none-eabi/lib/thumb/v7e-m/fpv4-sp/hard\libc_nano.a(lib_a-findfp.o)
 .ARM.attributes
                0x0000000000000765       0x34 c:/st/stm32cubeide_1.5.0/stm32cubeide/plugins/com.st.stm32cube.ide.mcu.externaltools.gnu-tools-for-stm32.7-2018-q2-update.win32_1.5.0.202011040924/tools/bin/../lib/gcc/arm-none-eabi/7.3.1/../../../../arm-none-eabi/lib/thumb/v7e-m/fpv4-sp/hard\libc_nano.a(lib_a-fwalk.o)
 .ARM.attributes
                0x0000000000000799       0x34 c:/st/stm32cubeide_1.5.0/stm32cubeide/plugins/com.st.stm32cube.ide.mcu.externaltools.gnu-tools-for-stm32.7-2018-q2-update.win32_1.5.0.202011040924/tools/bin/../lib/gcc/arm-none-eabi/7.3.1/../../../../arm-none-eabi/lib/thumb/v7e-m/fpv4-sp/hard\libc_nano.a(lib_a-makebuf.o)
 .ARM.attributes
                0x00000000000007cd       0x34 c:/st/stm32cubeide_1.5.0/stm32cubeide/plugins/com.st.stm32cube.ide.mcu.externaltools.gnu-tools-for-stm32.7-2018-q2-update.win32_1.5.0.202011040924/tools/bin/../lib/gcc/arm-none-eabi/7.3.1/../../../../arm-none-eabi/lib/thumb/v7e-m/fpv4-sp/hard\libc_nano.a(lib_a-nano-freer.o)
 .ARM.attributes
                0x0000000000000801       0x34 c:/st/stm32cubeide_1.5.0/stm32cubeide/plugins/com.st.stm32cube.ide.mcu.externaltools.gnu-tools-for-stm32.7-2018-q2-update.win32_1.5.0.202011040924/tools/bin/../lib/gcc/arm-none-eabi/7.3.1/../../../../arm-none-eabi/lib/thumb/v7e-m/fpv4-sp/hard\libc_nano.a(lib_a-nano-mallocr.o)
 .ARM.attributes
                0x0000000000000835       0x34 c:/st/stm32cubeide_1.5.0/stm32cubeide/plugins/com.st.stm32cube.ide.mcu.externaltools.gnu-tools-for-stm32.7-2018-q2-update.win32_1.5.0.202011040924/tools/bin/../lib/gcc/arm-none-eabi/7.3.1/../../../../arm-none-eabi/lib/thumb/v7e-m/fpv4-sp/hard\libc_nano.a(lib_a-nano-vfprintf.o)
 .ARM.attributes
                0x0000000000000869       0x34 c:/st/stm32cubeide_1.5.0/stm32cubeide/plugins/com.st.stm32cube.ide.mcu.externaltools.gnu-tools-for-stm32.7-2018-q2-update.win32_1.5.0.202011040924/tools/bin/../lib/gcc/arm-none-eabi/7.3.1/../../../../arm-none-eabi/lib/thumb/v7e-m/fpv4-sp/hard\libc_nano.a(lib_a-nano-vfprintf_i.o)
 .ARM.attributes
                0x000000000000089d       0x34 c:/st/stm32cubeide_1.5.0/stm32cubeide/plugins/com.st.stm32cube.ide.mcu.externaltools.gnu-tools-for-stm32.7-2018-q2-update.win32_1.5.0.202011040924/tools/bin/../lib/gcc/arm-none-eabi/7.3.1/../../../../arm-none-eabi/lib/thumb/v7e-m/fpv4-sp/hard\libc_nano.a(lib_a-sbrkr.o)
 .ARM.attributes
                0x00000000000008d1       0x34 c:/st/stm32cubeide_1.5.0/stm32cubeide/plugins/com.st.stm32cube.ide.mcu.externaltools.gnu-tools-for-stm32.7-2018-q2-update.win32_1.5.0.202011040924/tools/bin/../lib/gcc/arm-none-eabi/7.3.1/../../../../arm-none-eabi/lib/thumb/v7e-m/fpv4-sp/hard\libc_nano.a(lib_a-stdio.o)
 .ARM.attributes
                0x0000000000000905       0x34 c:/st/stm32cubeide_1.5.0/stm32cubeide/plugins/com.st.stm32cube.ide.mcu.externaltools.gnu-tools-for-stm32.7-2018-q2-update.win32_1.5.0.202011040924/tools/bin/../lib/gcc/arm-none-eabi/7.3.1/../../../../arm-none-eabi/lib/thumb/v7e-m/fpv4-sp/hard\libc_nano.a(lib_a-writer.o)
 .ARM.attributes
                0x0000000000000939       0x34 c:/st/stm32cubeide_1.5.0/stm32cubeide/plugins/com.st.stm32cube.ide.mcu.externaltools.gnu-tools-for-stm32.7-2018-q2-update.win32_1.5.0.202011040924/tools/bin/../lib/gcc/arm-none-eabi/7.3.1/../../../../arm-none-eabi/lib/thumb/v7e-m/fpv4-sp/hard\libc_nano.a(lib_a-closer.o)
 .ARM.attributes
                0x000000000000096d       0x34 c:/st/stm32cubeide_1.5.0/stm32cubeide/plugins/com.st.stm32cube.ide.mcu.externaltools.gnu-tools-for-stm32.7-2018-q2-update.win32_1.5.0.202011040924/tools/bin/../lib/gcc/arm-none-eabi/7.3.1/../../../../arm-none-eabi/lib/thumb/v7e-m/fpv4-sp/hard\libc_nano.a(lib_a-fstatr.o)
 .ARM.attributes
                0x00000000000009a1       0x34 c:/st/stm32cubeide_1.5.0/stm32cubeide/plugins/com.st.stm32cube.ide.mcu.externaltools.gnu-tools-for-stm32.7-2018-q2-update.win32_1.5.0.202011040924/tools/bin/../lib/gcc/arm-none-eabi/7.3.1/../../../../arm-none-eabi/lib/thumb/v7e-m/fpv4-sp/hard\libc_nano.a(lib_a-isattyr.o)
 .ARM.attributes
                0x00000000000009d5       0x34 c:/st/stm32cubeide_1.5.0/stm32cubeide/plugins/com.st.stm32cube.ide.mcu.externaltools.gnu-tools-for-stm32.7-2018-q2-update.win32_1.5.0.202011040924/tools/bin/../lib/gcc/arm-none-eabi/7.3.1/../../../../arm-none-eabi/lib/thumb/v7e-m/fpv4-sp/hard\libc_nano.a(lib_a-lseekr.o)
 .ARM.attributes
                0x0000000000000a09       0x20 c:/st/stm32cubeide_1.5.0/stm32cubeide/plugins/com.st.stm32cube.ide.mcu.externaltools.gnu-tools-for-stm32.7-2018-q2-update.win32_1.5.0.202011040924/tools/bin/../lib/gcc/arm-none-eabi/7.3.1/../../../../arm-none-eabi/lib/thumb/v7e-m/fpv4-sp/hard\libc_nano.a(lib_a-memchr.o)
 .ARM.attributes
                0x0000000000000a29       0x34 c:/st/stm32cubeide_1.5.0/stm32cubeide/plugins/com.st.stm32cube.ide.mcu.externaltools.gnu-tools-for-stm32.7-2018-q2-update.win32_1.5.0.202011040924/tools/bin/../lib/gcc/arm-none-eabi/7.3.1/../../../../arm-none-eabi/lib/thumb/v7e-m/fpv4-sp/hard\libc_nano.a(lib_a-mlock.o)
 .ARM.attributes
                0x0000000000000a5d       0x34 c:/st/stm32cubeide_1.5.0/stm32cubeide/plugins/com.st.stm32cube.ide.mcu.externaltools.gnu-tools-for-stm32.7-2018-q2-update.win32_1.5.0.202011040924/tools/bin/../lib/gcc/arm-none-eabi/7.3.1/../../../../arm-none-eabi/lib/thumb/v7e-m/fpv4-sp/hard\libc_nano.a(lib_a-readr.o)
 .ARM.attributes
                0x0000000000000a91       0x34 c:/st/stm32cubeide_1.5.0/stm32cubeide/plugins/com.st.stm32cube.ide.mcu.externaltools.gnu-tools-for-stm32.7-2018-q2-update.win32_1.5.0.202011040924/tools/bin/../lib/gcc/arm-none-eabi/7.3.1/../../../../arm-none-eabi/lib/thumb/v7e-m/fpv4-sp/hard\libc_nano.a(lib_a-reent.o)
 .ARM.attributes
                0x0000000000000ac5       0x22 c:/st/stm32cubeide_1.5.0/stm32cubeide/plugins/com.st.stm32cube.ide.mcu.externaltools.gnu-tools-for-stm32.7-2018-q2-update.win32_1.5.0.202011040924/tools/bin/../lib/gcc/arm-none-eabi/7.3.1/thumb/v7e-m/fpv4-sp/hard\libgcc.a(_aeabi_uldivmod.o)
 .ARM.attributes
                0x0000000000000ae7       0x34 c:/st/stm32cubeide_1.5.0/stm32cubeide/plugins/com.st.stm32cube.ide.mcu.externaltools.gnu-tools-for-stm32.7-2018-q2-update.win32_1.5.0.202011040924/tools/bin/../lib/gcc/arm-none-eabi/7.3.1/thumb/v7e-m/fpv4-sp/hard\libgcc.a(_udivmoddi4.o)
 .ARM.attributes
                0x0000000000000b1b       0x22 c:/st/stm32cubeide_1.5.0/stm32cubeide/plugins/com.st.stm32cube.ide.mcu.externaltools.gnu-tools-for-stm32.7-2018-q2-update.win32_1.5.0.202011040924/tools/bin/../lib/gcc/arm-none-eabi/7.3.1/thumb/v7e-m/fpv4-sp/hard\libgcc.a(_dvmd_tls.o)
 .ARM.attributes
                0x0000000000000b3d       0x22 c:/st/stm32cubeide_1.5.0/stm32cubeide/plugins/com.st.stm32cube.ide.mcu.externaltools.gnu-tools-for-stm32.7-2018-q2-update.win32_1.5.0.202011040924/tools/bin/../lib/gcc/arm-none-eabi/7.3.1/thumb/v7e-m/fpv4-sp/hard/crtn.o
OUTPUT(Bootloader.elf elf32-littlearm)

.debug_info     0x0000000000000000    0x1340a
 .debug_info    0x0000000000000000     0x1b09 Core/Src/main.o
 .debug_info    0x0000000000001b09     0x12ca Core/Src/stm32f4xx_hal_msp.o
 .debug_info    0x0000000000002dd3      0xa1c Core/Src/stm32f4xx_it.o
 .debug_info    0x00000000000037ef      0xebd Core/Src/syscalls.o
 .debug_info    0x00000000000046ac      0x985 Core/Src/sysmem.o
 .debug_info    0x0000000000005031      0x57e Core/Src/system_stm32f4xx.o
 .debug_info    0x00000000000055af       0x22 Core/Startup/startup_stm32f411ceux.o
 .debug_info    0x00000000000055d1      0x8d5 Drivers/STM32F4xx_HAL_Driver/Src/stm32f4xx_hal.o
 .debug_info    0x0000000000005ea6      0xd98 Drivers/STM32F4xx_HAL_Driver/Src/stm32f4xx_hal_cortex.o
 .debug_info    0x0000000000006c3e      0x61e Drivers/STM32F4xx_HAL_Driver/Src/stm32f4xx_hal_flash.o
 .debug_info    0x000000000000725c      0x880 Drivers/STM32F4xx_HAL_Driver/Src/stm32f4xx_hal_flash_ex.o
 .debug_info    0x0000000000007adc      0x7d7 Drivers/STM32F4xx_HAL_Driver/Src/stm32f4xx_hal_gpio.o
 .debug_info    0x00000000000082b3      0x92a Drivers/STM32F4xx_HAL_Driver/Src/stm32f4xx_hal_rcc.o
 .debug_info    0x0000000000008bdd      0x618 Drivers/STM32F4xx_HAL_Driver/Src/stm32f4xx_hal_rcc_ex.o
 .debug_info    0x00000000000091f5     0x18b1 Drivers/STM32F4xx_HAL_Driver/Src/stm32f4xx_hal_sd.o
 .debug_info    0x000000000000aaa6     0x10ee Drivers/STM32F4xx_HAL_Driver/Src/stm32f4xx_ll_sdmmc.o
 .debug_info    0x000000000000bb94      0xd92 FATFS/App/fatfs.o
 .debug_info    0x000000000000c926      0xa3e FATFS/Target/bsp_driver_sd.o
 .debug_info    0x000000000000d364      0xd14 FATFS/Target/sd_diskio.o
 .debug_info    0x000000000000e078      0xcdc Middlewares/Third_Party/FatFs/src/diskio.o
 .debug_info    0x000000000000ed54     0x2a63 Middlewares/Third_Party/FatFs/src/ff.o
 .debug_info    0x00000000000117b7      0xc74 Middlewares/Third_Party/FatFs/src/ff_gen_drv.o
 .debug_info    0x000000000001242b      0xfdf MyLibs/Src/boot.o

.debug_abbrev   0x0000000000000000     0x2e67
 .debug_abbrev  0x0000000000000000      0x309 Core/Src/main.o
 .debug_abbrev  0x0000000000000309      0x1ee Core/Src/stm32f4xx_hal_msp.o
 .debug_abbrev  0x00000000000004f7      0x1ad Core/Src/stm32f4xx_it.o
 .debug_abbrev  0x00000000000006a4      0x261 Core/Src/syscalls.o
 .debug_abbrev  0x0000000000000905      0x19b Core/Src/sysmem.o
 .debug_abbrev  0x0000000000000aa0      0x12b Core/Src/system_stm32f4xx.o
 .debug_abbrev  0x0000000000000bcb       0x12 Core/Startup/startup_stm32f411ceux.o
 .debug_abbrev  0x0000000000000bdd      0x1f2 Drivers/STM32F4xx_HAL_Driver/Src/stm32f4xx_hal.o
 .debug_abbrev  0x0000000000000dcf      0x2fa Drivers/STM32F4xx_HAL_Driver/Src/stm32f4xx_hal_cortex.o
 .debug_abbrev  0x00000000000010c9      0x24a Drivers/STM32F4xx_HAL_Driver/Src/stm32f4xx_hal_flash.o
 .debug_abbrev  0x0000000000001313      0x23e Drivers/STM32F4xx_HAL_Driver/Src/stm32f4xx_hal_flash_ex.o
 .debug_abbrev  0x0000000000001551      0x1c9 Drivers/STM32F4xx_HAL_Driver/Src/stm32f4xx_hal_gpio.o
 .debug_abbrev  0x000000000000171a      0x245 Drivers/STM32F4xx_HAL_Driver/Src/stm32f4xx_hal_rcc.o
 .debug_abbrev  0x000000000000195f      0x173 Drivers/STM32F4xx_HAL_Driver/Src/stm32f4xx_hal_rcc_ex.o
 .debug_abbrev  0x0000000000001ad2      0x23d Drivers/STM32F4xx_HAL_Driver/Src/stm32f4xx_hal_sd.o
 .debug_abbrev  0x0000000000001d0f      0x1c4 Drivers/STM32F4xx_HAL_Driver/Src/stm32f4xx_ll_sdmmc.o
 .debug_abbrev  0x0000000000001ed3      0x1df FATFS/App/fatfs.o
 .debug_abbrev  0x00000000000020b2      0x26e FATFS/Target/bsp_driver_sd.o
 .debug_abbrev  0x0000000000002320      0x1fa FATFS/Target/sd_diskio.o
 .debug_abbrev  0x000000000000251a      0x209 Middlewares/Third_Party/FatFs/src/diskio.o
 .debug_abbrev  0x0000000000002723      0x2a5 Middlewares/Third_Party/FatFs/src/ff.o
 .debug_abbrev  0x00000000000029c8      0x236 Middlewares/Third_Party/FatFs/src/ff_gen_drv.o
 .debug_abbrev  0x0000000000002bfe      0x269 MyLibs/Src/boot.o

.debug_aranges  0x0000000000000000      0xd50
 .debug_aranges
                0x0000000000000000       0x50 Core/Src/main.o
 .debug_aranges
                0x0000000000000050       0x30 Core/Src/stm32f4xx_hal_msp.o
 .debug_aranges
                0x0000000000000080       0x60 Core/Src/stm32f4xx_it.o
 .debug_aranges
                0x00000000000000e0       0xa8 Core/Src/syscalls.o
 .debug_aranges
                0x0000000000000188       0x20 Core/Src/sysmem.o
 .debug_aranges
                0x00000000000001a8       0x28 Core/Src/system_stm32f4xx.o
 .debug_aranges
                0x00000000000001d0       0x28 Core/Startup/startup_stm32f411ceux.o
 .debug_aranges
                0x00000000000001f8       0xf0 Drivers/STM32F4xx_HAL_Driver/Src/stm32f4xx_hal.o
 .debug_aranges
                0x00000000000002e8      0x118 Drivers/STM32F4xx_HAL_Driver/Src/stm32f4xx_hal_cortex.o
 .debug_aranges
                0x0000000000000400       0xa0 Drivers/STM32F4xx_HAL_Driver/Src/stm32f4xx_hal_flash.o
 .debug_aranges
                0x00000000000004a0       0xc8 Drivers/STM32F4xx_HAL_Driver/Src/stm32f4xx_hal_flash_ex.o
 .debug_aranges
                0x0000000000000568       0x58 Drivers/STM32F4xx_HAL_Driver/Src/stm32f4xx_hal_gpio.o
 .debug_aranges
                0x00000000000005c0       0x88 Drivers/STM32F4xx_HAL_Driver/Src/stm32f4xx_hal_rcc.o
 .debug_aranges
                0x0000000000000648       0x50 Drivers/STM32F4xx_HAL_Driver/Src/stm32f4xx_hal_rcc_ex.o
 .debug_aranges
                0x0000000000000698      0x168 Drivers/STM32F4xx_HAL_Driver/Src/stm32f4xx_hal_sd.o
 .debug_aranges
                0x0000000000000800      0x178 Drivers/STM32F4xx_HAL_Driver/Src/stm32f4xx_ll_sdmmc.o
 .debug_aranges
                0x0000000000000978       0x28 FATFS/App/fatfs.o
 .debug_aranges
                0x00000000000009a0       0xa0 FATFS/Target/bsp_driver_sd.o
 .debug_aranges
                0x0000000000000a40       0x48 FATFS/Target/sd_diskio.o
 .debug_aranges
                0x0000000000000a88       0x48 Middlewares/Third_Party/FatFs/src/diskio.o
 .debug_aranges
                0x0000000000000ad0      0x208 Middlewares/Third_Party/FatFs/src/ff.o
 .debug_aranges
                0x0000000000000cd8       0x40 Middlewares/Third_Party/FatFs/src/ff_gen_drv.o
 .debug_aranges
                0x0000000000000d18       0x38 MyLibs/Src/boot.o

.debug_ranges   0x0000000000000000      0xbe8
 .debug_ranges  0x0000000000000000       0x40 Core/Src/main.o
 .debug_ranges  0x0000000000000040       0x20 Core/Src/stm32f4xx_hal_msp.o
 .debug_ranges  0x0000000000000060       0x50 Core/Src/stm32f4xx_it.o
 .debug_ranges  0x00000000000000b0       0x98 Core/Src/syscalls.o
 .debug_ranges  0x0000000000000148       0x10 Core/Src/sysmem.o
 .debug_ranges  0x0000000000000158       0x18 Core/Src/system_stm32f4xx.o
 .debug_ranges  0x0000000000000170       0x20 Core/Startup/startup_stm32f411ceux.o
 .debug_ranges  0x0000000000000190       0xe0 Drivers/STM32F4xx_HAL_Driver/Src/stm32f4xx_hal.o
 .debug_ranges  0x0000000000000270      0x108 Drivers/STM32F4xx_HAL_Driver/Src/stm32f4xx_hal_cortex.o
 .debug_ranges  0x0000000000000378       0x90 Drivers/STM32F4xx_HAL_Driver/Src/stm32f4xx_hal_flash.o
 .debug_ranges  0x0000000000000408       0xb8 Drivers/STM32F4xx_HAL_Driver/Src/stm32f4xx_hal_flash_ex.o
 .debug_ranges  0x00000000000004c0       0x48 Drivers/STM32F4xx_HAL_Driver/Src/stm32f4xx_hal_gpio.o
 .debug_ranges  0x0000000000000508       0x78 Drivers/STM32F4xx_HAL_Driver/Src/stm32f4xx_hal_rcc.o
 .debug_ranges  0x0000000000000580       0x40 Drivers/STM32F4xx_HAL_Driver/Src/stm32f4xx_hal_rcc_ex.o
 .debug_ranges  0x00000000000005c0      0x158 Drivers/STM32F4xx_HAL_Driver/Src/stm32f4xx_hal_sd.o
 .debug_ranges  0x0000000000000718      0x168 Drivers/STM32F4xx_HAL_Driver/Src/stm32f4xx_ll_sdmmc.o
 .debug_ranges  0x0000000000000880       0x18 FATFS/App/fatfs.o
 .debug_ranges  0x0000000000000898       0x90 FATFS/Target/bsp_driver_sd.o
 .debug_ranges  0x0000000000000928       0x38 FATFS/Target/sd_diskio.o
 .debug_ranges  0x0000000000000960       0x38 Middlewares/Third_Party/FatFs/src/diskio.o
 .debug_ranges  0x0000000000000998      0x1f8 Middlewares/Third_Party/FatFs/src/ff.o
 .debug_ranges  0x0000000000000b90       0x30 Middlewares/Third_Party/FatFs/src/ff_gen_drv.o
 .debug_ranges  0x0000000000000bc0       0x28 MyLibs/Src/boot.o

.debug_macro    0x0000000000000000    0x195df
 .debug_macro   0x0000000000000000      0x3d2 Core/Src/main.o
 .debug_macro   0x00000000000003d2      0xa5a Core/Src/main.o
 .debug_macro   0x0000000000000e2c      0x28e Core/Src/main.o
 .debug_macro   0x00000000000010ba       0x2e Core/Src/main.o
 .debug_macro   0x00000000000010e8       0x28 Core/Src/main.o
 .debug_macro   0x0000000000001110       0x22 Core/Src/main.o
 .debug_macro   0x0000000000001132       0x8e Core/Src/main.o
 .debug_macro   0x00000000000011c0       0x51 Core/Src/main.o
 .debug_macro   0x0000000000001211       0xef Core/Src/main.o
 .debug_macro   0x0000000000001300       0x6a Core/Src/main.o
 .debug_macro   0x000000000000136a      0x1df Core/Src/main.o
 .debug_macro   0x0000000000001549       0x1c Core/Src/main.o
 .debug_macro   0x0000000000001565       0x22 Core/Src/main.o
 .debug_macro   0x0000000000001587       0xdf Core/Src/main.o
 .debug_macro   0x0000000000001666     0x102d Core/Src/main.o
 .debug_macro   0x0000000000002693      0x11f Core/Src/main.o
 .debug_macro   0x00000000000027b2     0xb937 Core/Src/main.o
 .debug_macro   0x000000000000e0e9       0x43 Core/Src/main.o
 .debug_macro   0x000000000000e12c     0x3659 Core/Src/main.o
 .debug_macro   0x0000000000011785      0x174 Core/Src/main.o
 .debug_macro   0x00000000000118f9       0x5a Core/Src/main.o
 .debug_macro   0x0000000000011953      0x447 Core/Src/main.o
 .debug_macro   0x0000000000011d9a      0x9fe Core/Src/main.o
 .debug_macro   0x0000000000012798      0x117 Core/Src/main.o
 .debug_macro   0x00000000000128af      0x11b Core/Src/main.o
 .debug_macro   0x00000000000129ca       0x27 Core/Src/main.o
 .debug_macro   0x00000000000129f1      0x15f Core/Src/main.o
 .debug_macro   0x0000000000012b50      0x287 Core/Src/main.o
 .debug_macro   0x0000000000012dd7       0x5f Core/Src/main.o
 .debug_macro   0x0000000000012e36      0x236 Core/Src/main.o
 .debug_macro   0x000000000001306c      0x132 Core/Src/main.o
 .debug_macro   0x000000000001319e      0x264 Core/Src/main.o
 .debug_macro   0x0000000000013402       0x2e Core/Src/main.o
 .debug_macro   0x0000000000013430      0x11a Core/Src/main.o
 .debug_macro   0x000000000001354a       0x85 Core/Src/main.o
 .debug_macro   0x00000000000135cf       0x89 Core/Src/main.o
 .debug_macro   0x0000000000013658      0x861 Core/Src/main.o
 .debug_macro   0x0000000000013eb9      0x1d5 Core/Src/main.o
 .debug_macro   0x000000000001408e      0x126 Core/Src/main.o
 .debug_macro   0x00000000000141b4       0x46 Core/Src/main.o
 .debug_macro   0x00000000000141fa       0x18 Core/Src/main.o
 .debug_macro   0x0000000000014212       0x3c Core/Src/main.o
 .debug_macro   0x000000000001424e       0x34 Core/Src/main.o
 .debug_macro   0x0000000000014282       0x16 Core/Src/main.o
 .debug_macro   0x0000000000014298       0x35 Core/Src/main.o
 .debug_macro   0x00000000000142cd      0x32a Core/Src/main.o
 .debug_macro   0x00000000000145f7       0x10 Core/Src/main.o
 .debug_macro   0x0000000000014607       0x52 Core/Src/main.o
 .debug_macro   0x0000000000014659       0x1f Core/Src/main.o
 .debug_macro   0x0000000000014678       0x43 Core/Src/main.o
 .debug_macro   0x00000000000146bb       0x20 Core/Src/main.o
 .debug_macro   0x00000000000146db      0x1a3 Core/Src/main.o
 .debug_macro   0x000000000001487e       0x10 Core/Src/main.o
 .debug_macro   0x000000000001488e       0x1c Core/Src/main.o
 .debug_macro   0x00000000000148aa       0x52 Core/Src/main.o
 .debug_macro   0x00000000000148fc       0x40 Core/Src/main.o
 .debug_macro   0x000000000001493c       0x10 Core/Src/main.o
 .debug_macro   0x000000000001494c       0x40 Core/Src/main.o
 .debug_macro   0x000000000001498c       0xd7 Core/Src/main.o
 .debug_macro   0x0000000000014a63       0x1c Core/Src/main.o
 .debug_macro   0x0000000000014a7f       0x3d Core/Src/main.o
 .debug_macro   0x0000000000014abc       0x16 Core/Src/main.o
 .debug_macro   0x0000000000014ad2      0x145 Core/Src/main.o
 .debug_macro   0x0000000000014c17       0x10 Core/Src/main.o
 .debug_macro   0x0000000000014c27       0x3a Core/Src/main.o
 .debug_macro   0x0000000000014c61       0xe5 Core/Src/main.o
 .debug_macro   0x0000000000014d46       0x16 Core/Src/main.o
 .debug_macro   0x0000000000014d5c       0x16 Core/Src/main.o
 .debug_macro   0x0000000000014d72       0x29 Core/Src/main.o
 .debug_macro   0x0000000000014d9b       0x12 Core/Src/main.o
 .debug_macro   0x0000000000014dad       0xdb Core/Src/main.o
 .debug_macro   0x0000000000014e88       0x8e Core/Src/main.o
 .debug_macro   0x0000000000014f16      0x33c Core/Src/stm32f4xx_hal_msp.o
 .debug_macro   0x0000000000015252      0x346 Core/Src/stm32f4xx_it.o
 .debug_macro   0x0000000000015598      0x243 Core/Src/syscalls.o
 .debug_macro   0x00000000000157db       0x40 Core/Src/syscalls.o
 .debug_macro   0x000000000001581b       0x94 Core/Src/syscalls.o
 .debug_macro   0x00000000000158af       0x57 Core/Src/syscalls.o
 .debug_macro   0x0000000000015906      0x330 Core/Src/syscalls.o
 .debug_macro   0x0000000000015c36       0x10 Core/Src/syscalls.o